============================================================
Starting C1 run (Xavier init + label smoothing + best ckpt)
Device: CUDA_VISIBLE_DEVICES=2
Batch Size: 64 | Epochs: 60 | Vocab: 1000
============================================================
[Hardware] Using GPU: NVIDIA RTX 5000 Ada Generation (CUDA_VISIBLE_DEVICES=2)
wandb: Currently logged in as: likhitbhogadi (likhitbhogadi-iiit-hyderabad) to https://api.wandb.ai. Use `wandb login --relogin` to force relogin
wandb: setting up run eyyeod89
wandb: Tracking run with wandb version 0.22.3
wandb: Run data is saved locally in /home/srijam/likhit/src/main/wandb/run-20260903_071139-eyyeod89
wandb: Run `wandb offline` to turn off syncing.
wandb: Syncing run C1
wandb: ⭐️ View project at https://wandb.ai/likhitbhogadi-iiit-hyderabad/anlp-a1-transformers
wandb: 🚀 View run at https://wandb.ai/likhitbhogadi-iiit-hyderabad/anlp-a1-transformers/runs/eyyeod89
[W&B] Initialized Weights & Biases run: C1 (URL: https://wandb.ai/likhitbhogadi-iiit-hyderabad/anlp-a1-transformers/runs/eyyeod89)
[Tokenization] Loading pre-encoded tokenized datasets from disk cache...
[C1] 6,109,160 parameters, tokenization=subword
[C1] epoch 1/60 (19.8s) train_loss=6.1379 val_loss=5.0432 best_val=5.0432 mem=2857.9MB
[C1] epoch 2/60 (13.3s) train_loss=5.0482 val_loss=4.2916 best_val=4.2916 mem=2859.1MB
[C1] epoch 3/60 (13.5s) train_loss=4.4912 val_loss=3.4734 best_val=3.4734 mem=2859.4MB
[C1] epoch 4/60 (13.6s) train_loss=3.8582 val_loss=2.7101 best_val=2.7101 mem=2859.4MB
[C1] epoch 5/60 (13.6s) train_loss=3.4075 val_loss=2.5755 best_val=2.5755 mem=2859.4MB
[C1] epoch 6/60 (13.6s) train_loss=3.0366 val_loss=1.7913 best_val=1.7913 mem=2859.4MB
[C1] epoch 7/60 (13.5s) train_loss=2.6870 val_loss=1.5294 best_val=1.5294 mem=2859.4MB
[C1] epoch 8/60 (14.0s) train_loss=2.3898 val_loss=1.1170 best_val=1.1170 mem=2859.4MB
[C1] epoch 9/60 (13.7s) train_loss=2.1348 val_loss=0.8097 best_val=0.8097 mem=2859.4MB
[C1] epoch 10/60 (14.0s) train_loss=1.9351 val_loss=0.6344 best_val=0.6344 mem=2859.4MB
[C1] epoch 11/60 (13.7s) train_loss=1.7778 val_loss=0.4829 best_val=0.4829 mem=2859.4MB
[C1] epoch 12/60 (13.7s) train_loss=1.6557 val_loss=0.3950 best_val=0.3950 mem=2859.4MB
[C1] epoch 13/60 (13.5s) train_loss=1.5629 val_loss=0.3237 best_val=0.3237 mem=2859.4MB
[C1] epoch 14/60 (13.6s) train_loss=1.4870 val_loss=0.2706 best_val=0.2706 mem=2859.4MB
[C1] epoch 15/60 (14.1s) train_loss=1.4264 val_loss=0.2341 best_val=0.2341 mem=2859.4MB
[C1] epoch 16/60 (13.5s) train_loss=1.3798 val_loss=0.2091 best_val=0.2091 mem=2859.4MB
[C1] epoch 17/60 (13.6s) train_loss=1.3388 val_loss=0.1839 best_val=0.1839 mem=2859.4MB
[C1] epoch 18/60 (13.6s) train_loss=1.3057 val_loss=0.1656 best_val=0.1656 mem=2859.4MB
[C1] epoch 19/60 (13.6s) train_loss=1.2795 val_loss=0.1581 best_val=0.1581 mem=2859.4MB
[C1] epoch 20/60 (13.5s) train_loss=1.2537 val_loss=0.1423 best_val=0.1423 mem=2859.4MB
[C1] epoch 21/60 (13.9s) train_loss=1.2354 val_loss=0.1337 best_val=0.1337 mem=2859.4MB
[C1] epoch 22/60 (13.7s) train_loss=1.2182 val_loss=0.1257 best_val=0.1257 mem=2859.4MB
[C1] epoch 23/60 (14.2s) train_loss=1.2030 val_loss=0.1193 best_val=0.1193 mem=2859.4MB
[C1] epoch 24/60 (13.6s) train_loss=1.1893 val_loss=0.1150 best_val=0.1150 mem=2859.4MB
[C1] epoch 25/60 (13.5s) train_loss=1.1784 val_loss=0.1116 best_val=0.1116 mem=2859.4MB
[C1] epoch 26/60 (13.4s) train_loss=1.1683 val_loss=0.1068 best_val=0.1068 mem=2859.4MB
[C1] epoch 27/60 (13.7s) train_loss=1.1597 val_loss=0.1019 best_val=0.1019 mem=2859.4MB
[C1] epoch 28/60 (13.6s) train_loss=1.1513 val_loss=0.1005 best_val=0.1005 mem=2859.4MB
[C1] epoch 29/60 (13.9s) train_loss=1.1442 val_loss=0.0967 best_val=0.0967 mem=2859.4MB
[C1] epoch 30/60 (13.4s) train_loss=1.1375 val_loss=0.0964 best_val=0.0964 mem=2859.4MB
[C1] epoch 31/60 (13.4s) train_loss=1.1315 val_loss=0.0915 best_val=0.0915 mem=2859.4MB
[C1] epoch 32/60 (13.5s) train_loss=1.1251 val_loss=0.0917 best_val=0.0915 mem=2859.4MB
[C1] epoch 33/60 (13.9s) train_loss=1.1201 val_loss=0.0885 best_val=0.0885 mem=2859.4MB
[C1] epoch 34/60 (13.9s) train_loss=1.1156 val_loss=0.0865 best_val=0.0865 mem=2859.4MB
[C1] epoch 35/60 (13.7s) train_loss=1.1107 val_loss=0.0873 best_val=0.0865 mem=2859.4MB
[C1] epoch 36/60 (13.7s) train_loss=1.1070 val_loss=0.0861 best_val=0.0861 mem=2859.4MB
[C1] epoch 37/60 (13.7s) train_loss=1.1038 val_loss=0.0852 best_val=0.0852 mem=2859.4MB
[C1] epoch 38/60 (13.7s) train_loss=1.0999 val_loss=0.0843 best_val=0.0843 mem=2859.4MB
[C1] epoch 39/60 (13.8s) train_loss=1.0965 val_loss=0.0838 best_val=0.0838 mem=2859.4MB
[C1] epoch 40/60 (13.4s) train_loss=1.0937 val_loss=0.0828 best_val=0.0828 mem=2859.4MB
[C1] epoch 41/60 (13.9s) train_loss=1.0912 val_loss=0.0807 best_val=0.0807 mem=2859.4MB
[C1] epoch 42/60 (13.8s) train_loss=1.0887 val_loss=0.0822 best_val=0.0807 mem=2859.4MB
[C1] epoch 43/60 (13.7s) train_loss=1.0864 val_loss=0.0805 best_val=0.0805 mem=2859.4MB
[C1] epoch 44/60 (13.7s) train_loss=1.0844 val_loss=0.0803 best_val=0.0803 mem=2859.4MB
[C1] epoch 45/60 (13.6s) train_loss=1.0826 val_loss=0.0800 best_val=0.0800 mem=2859.4MB
[C1] epoch 46/60 (13.7s) train_loss=1.0806 val_loss=0.0801 best_val=0.0800 mem=2859.4MB
[C1] epoch 47/60 (13.8s) train_loss=1.0792 val_loss=0.0791 best_val=0.0791 mem=2859.4MB
[C1] epoch 48/60 (13.7s) train_loss=1.0779 val_loss=0.0798 best_val=0.0791 mem=2859.4MB
[C1] epoch 49/60 (13.8s) train_loss=1.0766 val_loss=0.0797 best_val=0.0791 mem=2859.4MB
[C1] epoch 50/60 (13.9s) train_loss=1.0756 val_loss=0.0787 best_val=0.0787 mem=2859.4MB
[C1] epoch 51/60 (13.6s) train_loss=1.0749 val_loss=0.0787 best_val=0.0787 mem=2859.4MB
[C1] epoch 52/60 (13.8s) train_loss=1.0741 val_loss=0.0790 best_val=0.0787 mem=2859.4MB
[C1] epoch 53/60 (13.0s) train_loss=1.0732 val_loss=0.0786 best_val=0.0786 mem=2859.4MB
[C1] epoch 54/60 (13.8s) train_loss=1.0728 val_loss=0.0787 best_val=0.0786 mem=2859.4MB
[C1] epoch 55/60 (13.8s) train_loss=1.0724 val_loss=0.0789 best_val=0.0786 mem=2859.4MB
[C1] epoch 56/60 (13.6s) train_loss=1.0720 val_loss=0.0789 best_val=0.0786 mem=2859.4MB
[C1] epoch 57/60 (14.1s) train_loss=1.0718 val_loss=0.0789 best_val=0.0786 mem=2859.4MB
[C1] epoch 58/60 (13.6s) train_loss=1.0718 val_loss=0.0789 best_val=0.0786 mem=2859.4MB
[C1] epoch 59/60 (12.9s) train_loss=1.0717 val_loss=0.0789 best_val=0.0786 mem=2859.4MB
[C1] epoch 60/60 (13.2s) train_loss=1.0715 val_loss=0.0789 best_val=0.0786 mem=2859.4MB
[C1] Loading best checkpoint (val_loss=0.0786) for evaluation
[Evaluation] Decoding generated sequences...

[Debug Sample 0]
Target: opper Country State Forest before crossing the Sturgeon River in Loretto and passing into Menominee County
Pred:   opper Country State Forest before crossing the Sturgeon River in Loretto and passing into Menominee County

[Debug Sample 1]
Target: was purchased by five members of the Suffolk Mills Group in November and plans for restoration were made The consortium 
Pred:   was purchased by five members of the Suffolk Mills Group in November and plans for restoration were made The consortium 

[Debug Sample 2]
Target: hilam Life Insurance Company currently the largest life insurance company in the Philippines in terms of assets net wort
Pred:   hilam Life Insurance Company currently the largest life insurance company in the Philippines in terms of assets net wort

[Debug Sample 3]
Target: Australia was a member of the international coalition which contributed military forces to the Gulf War deploying a nava
Pred:   Australia was a member of the international coalition which contributed military forces to the Gulf War deploying a nava

[Debug Sample 4]
Target: dying of cancer Smith died less than a week later At the request of Andrew s widow Sam Brad delivered the eulogy at the 
Pred:   dying of cancer Smith died less than a week later At the request of Andrew s widow Sam Brad delivered the eulogy at the 
[C1] test metrics & decoding tokenization stats:
{
  "bit_accuracy": 0.9686188175628083,
  "sequence_accuracy": 0.8576952822892498,
  "levenshtein": 0.27958236658932717,
  "bleu": 0.968253443848144,
  "rouge1": 0.9894561894399246,
  "rougeL": 0.9894386122761758,
  "decoding_pred_avg_tokens": 42.416860015467904,
  "decoding_target_avg_tokens": 42.47911832946636,
  "decoding_token_fertility_ratio": 0.9985343783852673,
  "decoding_subword_exact_match": 0.7695282289249806,
  "decoding_char_per_token": 2.7353450633603793,
  "train_time_sec": 827.3801577091217,
  "peak_mem_mb": 2859.441152,
  "num_params": 6109160
}
wandb: updating run metadata
wandb: uploading output.log; uploading wandb-summary.json
wandb: uploading output.log; uploading config.yaml
wandb: uploading history steps 61-61, summary, console lines 85-101
wandb: 
wandb: Run history:
wandb:                               epoch ▁▁▁▁▁▂▂▂▂▂▂▃▃▃▃▃▃▃▄▄▄▄▅▅▅▆▆▆▆▆▆▆▇▇▇▇▇▇██
wandb:                      epoch_time_sec █▁▁▁▁▁▂▂▂▁▂▁▁▁▂▁▁▁▂▂▁▂▂▁▁▁▂▁▂▂▁▁▂▂▂▂▂▁▁▁
wandb:                         peak_mem_mb ▁▇██████████████████████████████████████
wandb:                   test/bit_accuracy ▁
wandb:                           test/bleu ▁
wandb:        test/decoding_char_per_token ▁
wandb:       test/decoding_pred_avg_tokens ▁
wandb:   test/decoding_subword_exact_match ▁
wandb:     test/decoding_target_avg_tokens ▁
wandb: test/decoding_token_fertility_ratio ▁
wandb:                                 +11 ...
wandb: 
wandb: Run summary:
wandb:                               epoch 60
wandb:                      epoch_time_sec 13.24484
wandb:                         peak_mem_mb 2859.44115
wandb:                   test/bit_accuracy 0.96862
wandb:                           test/bleu 0.96825
wandb:        test/decoding_char_per_token 2.73535
wandb:       test/decoding_pred_avg_tokens 42.41686
wandb:   test/decoding_subword_exact_match 0.76953
wandb:     test/decoding_target_avg_tokens 42.47912
wandb: test/decoding_token_fertility_ratio 0.99853
wandb:                                 +11 ...
wandb: 
wandb: 🚀 View run C1 at: https://wandb.ai/likhitbhogadi-iiit-hyderabad/anlp-a1-transformers/runs/eyyeod89
wandb: ⭐️ View project at: https://wandb.ai/likhitbhogadi-iiit-hyderabad/anlp-a1-transformers
wandb: Synced 5 W&B file(s), 0 media file(s), 0 artifact file(s) and 0 other file(s)
wandb: Find logs at: ./wandb/run-20260903_071139-eyyeod89/logs
[C1] saved checkpoint to outputs/C1_checkpoint.pt
