============================================================
Starting C2 run (RoPE Positional Encodings)
Device: CUDA_VISIBLE_DEVICES=0
Batch Size: 64 | Epochs: 60 | Vocab: 1000
============================================================
[Hardware] Using GPU: NVIDIA RTX 5000 Ada Generation (CUDA_VISIBLE_DEVICES=0)
wandb: Currently logged in as: likhitbhogadi (likhitbhogadi-iiit-hyderabad) to https://api.wandb.ai. Use `wandb login --relogin` to force relogin
wandb: setting up run 285n9m0z
wandb: Tracking run with wandb version 0.22.3
wandb: Run data is saved locally in /home/srijam/likhit/src/main/wandb/run-20260903_064901-285n9m0z
wandb: Run `wandb offline` to turn off syncing.
wandb: Syncing run C2
wandb: ⭐️ View project at https://wandb.ai/likhitbhogadi-iiit-hyderabad/anlp-a1-transformers
wandb: 🚀 View run at https://wandb.ai/likhitbhogadi-iiit-hyderabad/anlp-a1-transformers/runs/285n9m0z
[W&B] Initialized Weights & Biases run: C2 (URL: https://wandb.ai/likhitbhogadi-iiit-hyderabad/anlp-a1-transformers/runs/285n9m0z)
[Tokenization] Loading pre-encoded tokenized datasets from disk cache...
[C2] 6,109,160 parameters, tokenization=subword
[C2] epoch 1/60 (18.3s) train_loss=6.1242 val_loss=5.0026 best_val=5.0026 mem=2848.5MB
[C2] epoch 2/60 (14.3s) train_loss=5.0304 val_loss=4.3028 best_val=4.3028 mem=2848.5MB
[C2] epoch 3/60 (14.2s) train_loss=4.5623 val_loss=3.7294 best_val=3.7294 mem=2848.5MB
[C2] epoch 4/60 (14.3s) train_loss=4.0500 val_loss=2.8951 best_val=2.8951 mem=2848.5MB
[C2] epoch 5/60 (14.4s) train_loss=3.3191 val_loss=1.8710 best_val=1.8710 mem=2848.5MB
[C2] epoch 6/60 (14.6s) train_loss=2.6930 val_loss=1.2166 best_val=1.2166 mem=2848.5MB
[C2] epoch 7/60 (14.5s) train_loss=2.2583 val_loss=0.7911 best_val=0.7911 mem=2848.5MB
[C2] epoch 8/60 (15.0s) train_loss=1.9434 val_loss=0.5536 best_val=0.5536 mem=2848.5MB
[C2] epoch 9/60 (14.6s) train_loss=1.7255 val_loss=0.3826 best_val=0.3826 mem=2848.5MB
[C2] epoch 10/60 (14.8s) train_loss=1.5799 val_loss=0.2945 best_val=0.2945 mem=2848.5MB
[C2] epoch 11/60 (14.5s) train_loss=1.4759 val_loss=0.2359 best_val=0.2359 mem=2848.5MB
[C2] epoch 12/60 (14.3s) train_loss=1.3978 val_loss=0.1894 best_val=0.1894 mem=2848.5MB
[C2] epoch 13/60 (14.5s) train_loss=1.3383 val_loss=0.1793 best_val=0.1793 mem=2848.5MB
[C2] epoch 14/60 (14.5s) train_loss=1.2957 val_loss=0.1432 best_val=0.1432 mem=2848.5MB
[C2] epoch 15/60 (14.2s) train_loss=1.2635 val_loss=0.1327 best_val=0.1327 mem=2848.5MB
[C2] epoch 16/60 (14.7s) train_loss=1.2370 val_loss=0.1220 best_val=0.1220 mem=2848.5MB
[C2] epoch 17/60 (14.0s) train_loss=1.2153 val_loss=0.1137 best_val=0.1137 mem=2848.5MB
[C2] epoch 18/60 (14.6s) train_loss=1.1972 val_loss=0.1089 best_val=0.1089 mem=2848.5MB
[C2] epoch 19/60 (14.5s) train_loss=1.1818 val_loss=0.0976 best_val=0.0976 mem=2848.5MB
[C2] epoch 20/60 (14.7s) train_loss=1.1684 val_loss=0.0898 best_val=0.0898 mem=2848.5MB
[C2] epoch 21/60 (14.4s) train_loss=1.1582 val_loss=0.0939 best_val=0.0898 mem=2848.5MB
[C2] epoch 22/60 (14.5s) train_loss=1.1481 val_loss=0.0871 best_val=0.0871 mem=2848.5MB
[C2] epoch 23/60 (14.6s) train_loss=1.1396 val_loss=0.0837 best_val=0.0837 mem=2848.5MB
[C2] epoch 24/60 (14.8s) train_loss=1.1319 val_loss=0.0828 best_val=0.0828 mem=2848.5MB
[C2] epoch 25/60 (14.5s) train_loss=1.1255 val_loss=0.0787 best_val=0.0787 mem=2848.5MB
[C2] epoch 26/60 (14.4s) train_loss=1.1183 val_loss=0.0799 best_val=0.0787 mem=2848.5MB
[C2] epoch 27/60 (14.5s) train_loss=1.1135 val_loss=0.0765 best_val=0.0765 mem=2848.5MB
[C2] epoch 28/60 (14.3s) train_loss=1.1081 val_loss=0.0745 best_val=0.0745 mem=2848.5MB
[C2] epoch 29/60 (14.6s) train_loss=1.1034 val_loss=0.0748 best_val=0.0745 mem=2848.5MB
[C2] epoch 30/60 (14.7s) train_loss=1.0995 val_loss=0.0752 best_val=0.0745 mem=2848.5MB
[C2] epoch 31/60 (14.4s) train_loss=1.0953 val_loss=0.0721 best_val=0.0721 mem=2848.5MB
[C2] epoch 32/60 (14.5s) train_loss=1.0916 val_loss=0.0719 best_val=0.0719 mem=2848.5MB
[C2] epoch 33/60 (14.5s) train_loss=1.0880 val_loss=0.0716 best_val=0.0716 mem=2848.5MB
[C2] epoch 34/60 (14.4s) train_loss=1.0850 val_loss=0.0699 best_val=0.0699 mem=2848.5MB
[C2] epoch 35/60 (14.5s) train_loss=1.0822 val_loss=0.0694 best_val=0.0694 mem=2848.5MB
[C2] epoch 36/60 (14.6s) train_loss=1.0792 val_loss=0.0701 best_val=0.0694 mem=2848.5MB
[C2] epoch 37/60 (14.4s) train_loss=1.0764 val_loss=0.0705 best_val=0.0694 mem=2848.5MB
[C2] epoch 38/60 (14.8s) train_loss=1.0746 val_loss=0.0682 best_val=0.0682 mem=2848.5MB
[C2] epoch 39/60 (14.6s) train_loss=1.0722 val_loss=0.0672 best_val=0.0672 mem=2848.5MB
[C2] epoch 40/60 (14.4s) train_loss=1.0706 val_loss=0.0692 best_val=0.0672 mem=2848.5MB
[C2] epoch 41/60 (14.5s) train_loss=1.0684 val_loss=0.0691 best_val=0.0672 mem=2848.5MB
[C2] epoch 42/60 (14.2s) train_loss=1.0669 val_loss=0.0685 best_val=0.0672 mem=2848.5MB
[C2] epoch 43/60 (14.4s) train_loss=1.0653 val_loss=0.0681 best_val=0.0672 mem=2848.5MB
[C2] epoch 44/60 (14.6s) train_loss=1.0638 val_loss=0.0679 best_val=0.0672 mem=2848.5MB
[C2] epoch 45/60 (14.6s) train_loss=1.0626 val_loss=0.0687 best_val=0.0672 mem=2848.5MB
[C2] epoch 46/60 (14.6s) train_loss=1.0614 val_loss=0.0683 best_val=0.0672 mem=2848.5MB
[C2] epoch 47/60 (14.5s) train_loss=1.0605 val_loss=0.0689 best_val=0.0672 mem=2848.5MB
[C2] epoch 48/60 (14.5s) train_loss=1.0595 val_loss=0.0687 best_val=0.0672 mem=2848.5MB
[C2] epoch 49/60 (14.6s) train_loss=1.0589 val_loss=0.0675 best_val=0.0672 mem=2848.5MB
[C2] epoch 50/60 (14.5s) train_loss=1.0580 val_loss=0.0682 best_val=0.0672 mem=2848.5MB
[C2] epoch 51/60 (14.6s) train_loss=1.0573 val_loss=0.0681 best_val=0.0672 mem=2848.5MB
[C2] epoch 52/60 (14.5s) train_loss=1.0569 val_loss=0.0687 best_val=0.0672 mem=2848.5MB
[C2] epoch 53/60 (14.9s) train_loss=1.0563 val_loss=0.0685 best_val=0.0672 mem=2848.5MB
[C2] epoch 54/60 (14.7s) train_loss=1.0560 val_loss=0.0682 best_val=0.0672 mem=2848.5MB
[C2] epoch 55/60 (14.3s) train_loss=1.0557 val_loss=0.0683 best_val=0.0672 mem=2848.5MB
[C2] epoch 56/60 (14.6s) train_loss=1.0556 val_loss=0.0682 best_val=0.0672 mem=2848.5MB
[C2] epoch 57/60 (14.4s) train_loss=1.0554 val_loss=0.0682 best_val=0.0672 mem=2848.5MB
[C2] epoch 58/60 (14.3s) train_loss=1.0554 val_loss=0.0684 best_val=0.0672 mem=2848.5MB
[C2] epoch 59/60 (13.4s) train_loss=1.0553 val_loss=0.0684 best_val=0.0672 mem=2848.5MB
[C2] epoch 60/60 (13.8s) train_loss=1.0552 val_loss=0.0684 best_val=0.0672 mem=2848.5MB
[Evaluation] Decoding generated sequences...

[Debug Sample 0]
Target: opper Country State Forest before crossing the Sturgeon River in Loretto and passing into Menominee County
Pred:   opper Country State Forest before crossing the Sturgeon River in Loretto and passing into Menominee County

[Debug Sample 1]
Target: was purchased by five members of the Suffolk Mills Group in November and plans for restoration were made The consortium 
Pred:   was purchased by five members of the Suffolk Mills Group in November and plans for restoration were made The consortium 

[Debug Sample 2]
Target: hilam Life Insurance Company currently the largest life insurance company in the Philippines in terms of assets net wort
Pred:   hilam Life Insurance Company currently the largest life insurance company in the Philippines in terms of assets net wort

[Debug Sample 3]
Target: Australia was a member of the international coalition which contributed military forces to the Gulf War deploying a nava
Pred:   Australia was a member of the international coalition which contributed military forces to the Gulf War deploying a nava

[Debug Sample 4]
Target: dying of cancer Smith died less than a week later At the request of Andrew s widow Sam Brad delivered the eulogy at the 
Pred:   dying of cancer Smith died less than a week later At the request of Andrew s widow Sam Brad delivered the eulogy at the 
[C2] test metrics & decoding tokenization stats:
{
  "bit_accuracy": 0.9842754684412052,
  "sequence_accuracy": 0.9064191802010828,
  "levenshtein": 0.17130703789636503,
  "bleu": 0.9771524355429245,
  "rouge1": 0.9933475364542089,
  "rougeL": 0.9933299592904601,
  "decoding_pred_avg_tokens": 42.44895591647332,
  "decoding_target_avg_tokens": 42.47911832946636,
  "decoding_token_fertility_ratio": 0.9992899472922412,
  "decoding_subword_exact_match": 0.8375870069605569,
  "decoding_char_per_token": 2.7338507647600045,
  "train_time_sec": 873.3428456783295,
  "peak_mem_mb": 2848.545792,
  "num_params": 6109160
}
wandb: updating run metadata
wandb: uploading output.log; uploading wandb-summary.json
wandb: uploading output.log; uploading config.yaml
wandb: uploading history steps 61-61, summary, console lines 84-100
wandb: 
wandb: Run history:
wandb:                               epoch ▁▁▁▁▁▂▂▂▂▃▃▃▃▃▃▄▄▄▄▅▅▅▅▅▅▆▆▆▆▆▆▇▇▇▇▇████
wandb:                      epoch_time_sec █▂▂▂▂▃▃▂▂▂▂▁▂▂▂▂▃▂▂▂▂▂▂▂▂▂▃▂▂▂▂▂▂▂▂▂▃▂▂▁
wandb:                         peak_mem_mb ▁▁▁▁▁▁▁▁▁▁▁▁▁▁▁▁▁▁▁▁▁▁▁▁▁▁▁▁▁▁▁▁▁▁▁▁▁▁▁▁
wandb:                   test/bit_accuracy ▁
wandb:                           test/bleu ▁
wandb:        test/decoding_char_per_token ▁
wandb:       test/decoding_pred_avg_tokens ▁
wandb:   test/decoding_subword_exact_match ▁
wandb:     test/decoding_target_avg_tokens ▁
wandb: test/decoding_token_fertility_ratio ▁
wandb:                                 +11 ...
wandb: 
wandb: Run summary:
wandb:                               epoch 60
wandb:                      epoch_time_sec 13.82147
wandb:                         peak_mem_mb 2848.54579
wandb:                   test/bit_accuracy 0.98428
wandb:                           test/bleu 0.97715
wandb:        test/decoding_char_per_token 2.73385
wandb:       test/decoding_pred_avg_tokens 42.44896
wandb:   test/decoding_subword_exact_match 0.83759
wandb:     test/decoding_target_avg_tokens 42.47912
wandb: test/decoding_token_fertility_ratio 0.99929
wandb:                                 +11 ...
wandb: 
wandb: 🚀 View run C2 at: https://wandb.ai/likhitbhogadi-iiit-hyderabad/anlp-a1-transformers/runs/285n9m0z
wandb: ⭐️ View project at: https://wandb.ai/likhitbhogadi-iiit-hyderabad/anlp-a1-transformers
wandb: Synced 5 W&B file(s), 0 media file(s), 0 artifact file(s) and 0 other file(s)
wandb: Find logs at: ./wandb/run-20260903_064901-285n9m0z/logs
[C2] saved checkpoint to outputs/C2_checkpoint.pt
