============================================================
Starting standalone run: C1
Device: CUDA_VISIBLE_DEVICES=2
Batch Size: 64 | Epochs: 60 | LR: 0.0005
============================================================
[Hardware] Using GPU: NVIDIA RTX 5000 Ada Generation (CUDA_VISIBLE_DEVICES=2)
wandb: Currently logged in as: likhitbhogadi (likhitbhogadi-iiit-hyderabad) to https://api.wandb.ai. Use `wandb login --relogin` to force relogin
wandb: setting up run 95ktt48d
wandb: Tracking run with wandb version 0.22.3
wandb: Run data is saved locally in /home/srijam/likhit/src/main/wandb/run-20260903_022335-95ktt48d
wandb: Run `wandb offline` to turn off syncing.
wandb: Syncing run C1
wandb: ⭐️ View project at https://wandb.ai/likhitbhogadi-iiit-hyderabad/anlp-a1-seq2seq-crypto
wandb: 🚀 View run at https://wandb.ai/likhitbhogadi-iiit-hyderabad/anlp-a1-seq2seq-crypto/runs/95ktt48d
[W&B] Initialized Weights & Biases run: C1 (URL: https://wandb.ai/likhitbhogadi-iiit-hyderabad/anlp-a1-seq2seq-crypto/runs/95ktt48d)
[Tokenization] Loading pre-encoded tokenized datasets from disk cache...
[C1] 7,952,360 parameters, tokenization=subword
[C1] epoch 1/60 (27.8s) train_loss=7.0666 val_loss=7.0690 mem=3756.1MB
[C1] epoch 2/60 (16.2s) train_loss=7.0667 val_loss=7.0690 mem=3756.1MB
[C1] epoch 3/60 (16.4s) train_loss=7.0666 val_loss=7.0690 mem=3756.1MB
[C1] epoch 4/60 (16.4s) train_loss=7.0664 val_loss=7.0690 mem=3756.1MB
[C1] epoch 5/60 (16.4s) train_loss=7.0666 val_loss=7.0690 mem=3756.1MB
[C1] epoch 6/60 (16.4s) train_loss=7.0667 val_loss=7.0690 mem=3756.1MB
[C1] epoch 7/60 (16.3s) train_loss=7.0666 val_loss=7.0690 mem=3756.1MB
[C1] epoch 8/60 (16.5s) train_loss=7.0665 val_loss=7.0690 mem=3756.1MB
[C1] epoch 9/60 (16.5s) train_loss=7.0665 val_loss=7.0690 mem=3756.1MB
[C1] epoch 10/60 (16.5s) train_loss=7.0667 val_loss=7.0690 mem=3756.1MB
[C1] epoch 11/60 (16.4s) train_loss=7.0663 val_loss=7.0690 mem=3756.1MB
[C1] epoch 12/60 (16.4s) train_loss=7.0665 val_loss=7.0690 mem=3756.1MB
[C1] epoch 13/60 (16.5s) train_loss=7.0667 val_loss=7.0690 mem=3756.1MB
[C1] epoch 14/60 (16.4s) train_loss=7.0666 val_loss=7.0690 mem=3756.1MB
[C1] epoch 15/60 (16.4s) train_loss=7.0667 val_loss=7.0690 mem=3756.1MB
[C1] epoch 16/60 (16.4s) train_loss=7.0667 val_loss=7.0690 mem=3756.1MB
[C1] epoch 17/60 (16.1s) train_loss=7.0669 val_loss=7.0690 mem=3756.1MB
[C1] epoch 18/60 (16.2s) train_loss=7.0667 val_loss=7.0690 mem=3756.1MB
[C1] epoch 19/60 (16.4s) train_loss=7.0666 val_loss=7.0690 mem=3756.1MB
[C1] epoch 20/60 (16.4s) train_loss=7.0667 val_loss=7.0690 mem=3756.1MB
[C1] epoch 21/60 (16.4s) train_loss=7.0667 val_loss=7.0690 mem=3756.1MB
[C1] epoch 22/60 (16.1s) train_loss=7.0670 val_loss=7.0690 mem=3756.1MB
[C1] epoch 23/60 (16.2s) train_loss=7.0668 val_loss=7.0690 mem=3756.1MB
[C1] epoch 24/60 (16.2s) train_loss=7.0665 val_loss=7.0690 mem=3756.1MB
[C1] epoch 25/60 (16.4s) train_loss=7.0663 val_loss=7.0690 mem=3756.1MB
[C1] epoch 26/60 (16.6s) train_loss=7.0666 val_loss=7.0690 mem=3756.1MB
[C1] epoch 27/60 (16.4s) train_loss=7.0668 val_loss=7.0690 mem=3756.1MB
[C1] epoch 28/60 (16.0s) train_loss=7.0668 val_loss=7.0690 mem=3756.1MB
[C1] epoch 29/60 (16.2s) train_loss=7.0664 val_loss=7.0690 mem=3756.1MB
[C1] epoch 30/60 (16.2s) train_loss=7.0668 val_loss=7.0690 mem=3756.1MB
[C1] epoch 31/60 (16.2s) train_loss=7.0664 val_loss=7.0690 mem=3756.1MB
[C1] epoch 32/60 (16.3s) train_loss=7.0667 val_loss=7.0690 mem=3756.1MB
[C1] epoch 33/60 (16.4s) train_loss=7.0665 val_loss=7.0690 mem=3756.1MB
[C1] epoch 34/60 (16.4s) train_loss=7.0664 val_loss=7.0690 mem=3756.1MB
[C1] epoch 35/60 (16.4s) train_loss=7.0667 val_loss=7.0690 mem=3756.1MB
[C1] epoch 36/60 (16.9s) train_loss=7.0665 val_loss=7.0690 mem=3756.1MB
[C1] epoch 37/60 (16.5s) train_loss=7.0670 val_loss=7.0690 mem=3756.1MB
[C1] epoch 38/60 (16.3s) train_loss=7.0667 val_loss=7.0690 mem=3756.1MB
[C1] epoch 39/60 (16.2s) train_loss=7.0665 val_loss=7.0690 mem=3756.1MB
[C1] epoch 40/60 (16.5s) train_loss=7.0667 val_loss=7.0690 mem=3756.1MB
[C1] epoch 41/60 (16.4s) train_loss=7.0666 val_loss=7.0690 mem=3756.1MB
[C1] epoch 42/60 (16.3s) train_loss=7.0668 val_loss=7.0690 mem=3756.1MB
[C1] epoch 43/60 (16.6s) train_loss=7.0669 val_loss=7.0690 mem=3756.1MB
[C1] epoch 44/60 (16.4s) train_loss=7.0669 val_loss=7.0690 mem=3756.1MB
[C1] epoch 45/60 (16.3s) train_loss=7.0666 val_loss=7.0690 mem=3756.1MB
[C1] epoch 46/60 (16.3s) train_loss=7.0666 val_loss=7.0690 mem=3756.1MB
[C1] epoch 47/60 (16.3s) train_loss=7.0669 val_loss=7.0690 mem=3756.1MB
[C1] epoch 48/60 (16.2s) train_loss=7.0666 val_loss=7.0690 mem=3756.1MB
[C1] epoch 49/60 (16.4s) train_loss=7.0671 val_loss=7.0690 mem=3756.1MB
[C1] epoch 50/60 (16.4s) train_loss=7.0665 val_loss=7.0690 mem=3756.1MB
[C1] epoch 51/60 (16.2s) train_loss=7.0669 val_loss=7.0690 mem=3756.1MB
[C1] epoch 52/60 (16.1s) train_loss=7.0668 val_loss=7.0690 mem=3756.3MB
[C1] epoch 53/60 (16.2s) train_loss=7.0670 val_loss=7.0690 mem=3756.3MB
[C1] epoch 54/60 (16.4s) train_loss=7.0662 val_loss=7.0690 mem=3756.3MB
