============================================================
Starting standalone run: C1 (Optimized LR & Layers)
Device: CUDA_VISIBLE_DEVICES=2
Batch Size: 64 | Epochs: 60 | LR: 0.001
============================================================
[Hardware] Using GPU: NVIDIA RTX 5000 Ada Generation (CUDA_VISIBLE_DEVICES=2)
wandb: Currently logged in as: likhitbhogadi (likhitbhogadi-iiit-hyderabad) to https://api.wandb.ai. Use `wandb login --relogin` to force relogin
wandb: setting up run b36uzeml
wandb: Tracking run with wandb version 0.22.3
wandb: Run data is saved locally in /home/srijam/likhit/src/main/wandb/run-20260903_024029-b36uzeml
wandb: Run `wandb offline` to turn off syncing.
wandb: Syncing run C1
wandb: ⭐️ View project at https://wandb.ai/likhitbhogadi-iiit-hyderabad/anlp-a1-seq2seq-crypto
wandb: 🚀 View run at https://wandb.ai/likhitbhogadi-iiit-hyderabad/anlp-a1-seq2seq-crypto/runs/b36uzeml
[W&B] Initialized Weights & Biases run: C1 (URL: https://wandb.ai/likhitbhogadi-iiit-hyderabad/anlp-a1-seq2seq-crypto/runs/b36uzeml)
[Tokenization] Loading pre-encoded tokenized datasets from disk cache...
[C1] 6,109,160 parameters, tokenization=subword
[C1] epoch 1/60 (18.0s) train_loss=6.4360 val_loss=5.8382 mem=2878.8MB
[C1] epoch 2/60 (12.6s) train_loss=5.2653 val_loss=4.8256 mem=2881.3MB
[C1] epoch 3/60 (12.5s) train_loss=4.7138 val_loss=4.5703 mem=2881.3MB
[C1] epoch 4/60 (13.0s) train_loss=4.5131 val_loss=4.4108 mem=2881.3MB
[C1] epoch 5/60 (12.5s) train_loss=4.3599 val_loss=4.2812 mem=2881.3MB
[C1] epoch 6/60 (12.3s) train_loss=4.2269 val_loss=4.1741 mem=2881.4MB
[C1] epoch 7/60 (12.3s) train_loss=4.1096 val_loss=4.0797 mem=2881.4MB
[C1] epoch 8/60 (12.6s) train_loss=4.0033 val_loss=4.0101 mem=2881.4MB
[C1] epoch 9/60 (12.8s) train_loss=3.9106 val_loss=3.9376 mem=2881.4MB
[C1] epoch 10/60 (12.5s) train_loss=3.8302 val_loss=3.8909 mem=2881.9MB
[C1] epoch 11/60 (12.6s) train_loss=3.7553 val_loss=3.8431 mem=2881.9MB
[C1] epoch 12/60 (12.7s) train_loss=3.6898 val_loss=3.8112 mem=2881.9MB
[C1] epoch 13/60 (12.5s) train_loss=3.6311 val_loss=3.7674 mem=2881.9MB
[C1] epoch 14/60 (12.5s) train_loss=3.5793 val_loss=3.7528 mem=2881.9MB
[C1] epoch 15/60 (12.7s) train_loss=3.5259 val_loss=3.7312 mem=2881.9MB
[C1] epoch 16/60 (12.5s) train_loss=3.4777 val_loss=3.7152 mem=2881.9MB
[C1] epoch 17/60 (12.6s) train_loss=3.4363 val_loss=3.7064 mem=2882.2MB
[C1] epoch 18/60 (12.7s) train_loss=3.3949 val_loss=3.6623 mem=2882.2MB
[C1] epoch 19/60 (12.5s) train_loss=3.3568 val_loss=3.6654 mem=2882.2MB
[C1] epoch 20/60 (12.5s) train_loss=3.3191 val_loss=3.6540 mem=2882.2MB
[C1] epoch 21/60 (12.4s) train_loss=3.2830 val_loss=3.6286 mem=2882.2MB
[C1] epoch 22/60 (12.5s) train_loss=3.2487 val_loss=3.6574 mem=2882.2MB
[C1] epoch 23/60 (12.3s) train_loss=3.2176 val_loss=3.6290 mem=2882.2MB
[C1] epoch 24/60 (12.3s) train_loss=3.1859 val_loss=3.6247 mem=2882.2MB
[C1] epoch 25/60 (12.5s) train_loss=3.1559 val_loss=3.6137 mem=2882.2MB
[C1] epoch 26/60 (12.6s) train_loss=3.1260 val_loss=3.6066 mem=2882.2MB
[C1] epoch 27/60 (12.4s) train_loss=3.0986 val_loss=3.6009 mem=2882.2MB
[C1] epoch 28/60 (12.4s) train_loss=3.0724 val_loss=3.6120 mem=2882.2MB
[C1] epoch 29/60 (12.5s) train_loss=3.0475 val_loss=3.5927 mem=2882.2MB
[C1] epoch 30/60 (12.3s) train_loss=3.0184 val_loss=3.5996 mem=2882.2MB
[C1] epoch 31/60 (12.4s) train_loss=2.9984 val_loss=3.5982 mem=2882.2MB
[C1] epoch 32/60 (12.7s) train_loss=2.9732 val_loss=3.6234 mem=2882.2MB
[C1] epoch 33/60 (12.6s) train_loss=2.9499 val_loss=3.6046 mem=2882.2MB
[C1] epoch 34/60 (12.5s) train_loss=2.9293 val_loss=3.6164 mem=2882.2MB
[C1] epoch 35/60 (12.5s) train_loss=2.9109 val_loss=3.5983 mem=2882.2MB
[C1] epoch 36/60 (12.8s) train_loss=2.8908 val_loss=3.6209 mem=2882.2MB
[C1] epoch 37/60 (12.9s) train_loss=2.8703 val_loss=3.6032 mem=2882.2MB
[C1] epoch 38/60 (12.7s) train_loss=2.8524 val_loss=3.6062 mem=2882.2MB
[C1] epoch 39/60 (12.5s) train_loss=2.8367 val_loss=3.6113 mem=2882.2MB
[C1] epoch 40/60 (12.5s) train_loss=2.8184 val_loss=3.6263 mem=2882.2MB
[C1] epoch 41/60 (12.5s) train_loss=2.8046 val_loss=3.6050 mem=2882.2MB
[C1] epoch 42/60 (12.4s) train_loss=2.7882 val_loss=3.6236 mem=2882.2MB
[C1] epoch 43/60 (12.3s) train_loss=2.7757 val_loss=3.6222 mem=2882.2MB
[C1] epoch 44/60 (12.6s) train_loss=2.7648 val_loss=3.6191 mem=2882.2MB
[C1] epoch 45/60 (12.6s) train_loss=2.7506 val_loss=3.6185 mem=2882.2MB
[C1] epoch 46/60 (12.4s) train_loss=2.7385 val_loss=3.6146 mem=2882.2MB
[C1] epoch 47/60 (12.4s) train_loss=2.7292 val_loss=3.6157 mem=2882.2MB
[C1] epoch 48/60 (12.5s) train_loss=2.7207 val_loss=3.6343 mem=2882.2MB
[C1] epoch 49/60 (12.4s) train_loss=2.7116 val_loss=3.6292 mem=2882.2MB
[C1] epoch 50/60 (12.4s) train_loss=2.7039 val_loss=3.6235 mem=2882.2MB
[C1] epoch 51/60 (12.5s) train_loss=2.6983 val_loss=3.6284 mem=2882.2MB
[C1] epoch 52/60 (12.6s) train_loss=2.6914 val_loss=3.6312 mem=2882.2MB
[C1] epoch 53/60 (12.4s) train_loss=2.6847 val_loss=3.6287 mem=2882.2MB
[C1] epoch 54/60 (12.4s) train_loss=2.6819 val_loss=3.6294 mem=2882.2MB
[C1] epoch 55/60 (12.4s) train_loss=2.6784 val_loss=3.6289 mem=2882.2MB
[C1] epoch 56/60 (12.3s) train_loss=2.6766 val_loss=3.6294 mem=2882.2MB
[C1] epoch 57/60 (12.5s) train_loss=2.6738 val_loss=3.6325 mem=2882.2MB
[C1] epoch 58/60 (12.5s) train_loss=2.6731 val_loss=3.6307 mem=2882.2MB
[C1] epoch 59/60 (12.6s) train_loss=2.6710 val_loss=3.6313 mem=2882.2MB
[C1] epoch 60/60 (12.5s) train_loss=2.6699 val_loss=3.6319 mem=2882.2MB
[Evaluation] Decoding generated sequences...
[C1] test metrics & decoding tokenization stats:
{
  "bit_accuracy": 0.08216644764135693,
  "sequence_accuracy": 0.0019334880123743233,
  "levenshtein": 101.43619489559164,
  "bleu": 0.022761971263096363,
  "rouge1": 0.2027310424187727,
  "rougeL": 0.16699906171083417,
  "decoding_pred_avg_tokens": 132.5707656612529,
  "decoding_target_avg_tokens": 42.759087393658156,
  "decoding_token_fertility_ratio": 3.100411485417138,
  "decoding_subword_exact_match": 0.0,
  "decoding_char_per_token": 1.0534582939549861,
  "train_time_sec": 756.5521688461304,
  "peak_mem_mb": 2882.184704,
  "num_params": 6109160
}
wandb: updating run metadata
wandb: uploading output.log; uploading wandb-summary.json; uploading history steps 61-61, summary, console lines 64-80
wandb: uploading wandb-summary.json; uploading history steps 61-61, summary, console lines 64-80; uploading config.yaml
wandb: uploading wandb-summary.json; uploading config.yaml
wandb: uploading data
wandb: 
wandb: Run history:
wandb:                               epoch ▁▁▁▁▂▂▂▃▃▃▃▃▄▄▄▄▄▄▄▅▅▅▅▅▅▆▆▆▆▆▆▇▇▇▇▇████
wandb:                      epoch_time_sec █▁▂▁▁▂▁▁▁▁▁▁▁▁▁▁▁▁▁▁▂▁▁▂▂▁▁▁▁▁▁▁▁▁▁▁▁▁▁▁
wandb:                         peak_mem_mb ▁▆▆▆▆▆▆▇▇▇▇█████████████████████████████
wandb:                   test/bit_accuracy ▁
wandb:                           test/bleu ▁
wandb:        test/decoding_char_per_token ▁
wandb:       test/decoding_pred_avg_tokens ▁
wandb:   test/decoding_subword_exact_match ▁
wandb:     test/decoding_target_avg_tokens ▁
wandb: test/decoding_token_fertility_ratio ▁
wandb:                                 +11 ...
wandb: 
wandb: Run summary:
wandb:                               epoch 60
wandb:                      epoch_time_sec 12.5284
wandb:                         peak_mem_mb 2882.1847
wandb:                   test/bit_accuracy 0.08217
wandb:                           test/bleu 0.02276
wandb:        test/decoding_char_per_token 1.05346
wandb:       test/decoding_pred_avg_tokens 132.57077
wandb:   test/decoding_subword_exact_match 0
wandb:     test/decoding_target_avg_tokens 42.75909
wandb: test/decoding_token_fertility_ratio 3.10041
wandb:                                 +11 ...
wandb: 
wandb: 🚀 View run C1 at: https://wandb.ai/likhitbhogadi-iiit-hyderabad/anlp-a1-seq2seq-crypto/runs/b36uzeml
wandb: ⭐️ View project at: https://wandb.ai/likhitbhogadi-iiit-hyderabad/anlp-a1-seq2seq-crypto
wandb: Synced 5 W&B file(s), 0 media file(s), 0 artifact file(s) and 0 other file(s)
wandb: Find logs at: ./wandb/run-20260903_024029-b36uzeml/logs
[C1] saved checkpoint to outputs/C1_checkpoint.pt
