============================================================
Starting training for Configuration: C1
Data Directory: data
Ciphertext File: data/brown_cipher.txt
Plaintext File:  data/brown_plain.txt
Output Directory: outputs/c1
Target GPU ID:    0
============================================================
[Hardware] Using GPU: NVIDIA RTX 5000 Ada Generation (CUDA_VISIBLE_DEVICES=0)
wandb: Currently logged in as: likhitbhogadi (likhitbhogadi-iiit-hyderabad) to https://api.wandb.ai. Use `wandb login --relogin` to force relogin
wandb: setting up run vb0w2okl
wandb: Tracking run with wandb version 0.22.3
wandb: Run data is saved locally in /home/srijam/likhit/src/main/wandb/run-20260902_192006-vb0w2okl
wandb: Run `wandb offline` to turn off syncing.
wandb: Syncing run C1
wandb: ⭐️ View project at https://wandb.ai/likhitbhogadi-iiit-hyderabad/anlp-a1-seq2seq-crypto
wandb: 🚀 View run at https://wandb.ai/likhitbhogadi-iiit-hyderabad/anlp-a1-seq2seq-crypto/runs/vb0w2okl
[W&B] Initialized Weights & Biases run: C1 (URL: https://wandb.ai/likhitbhogadi-iiit-hyderabad/anlp-a1-seq2seq-crypto/runs/vb0w2okl)

--- Starting Tokenizer Training ---
[Src-BPE (Ciphertext)] Extracting word frequencies from 4000 corpus samples...
[Src-BPE (Ciphertext)] Starting BPE training: base_vocab=2, target_merges=506, target_vocab=512
  └─ [Src-BPE (Ciphertext)] Merge 50/506 (10%) | Pair: '1101' + '0000' (freq: 22925)
  └─ [Src-BPE (Ciphertext)] Merge 100/506 (20%) | Pair: '1110011' + '10000' (freq: 7420)
  └─ [Src-BPE (Ciphertext)] Merge 150/506 (30%) | Pair: '100' + '010000' (freq: 4671)
  └─ [Src-BPE (Ciphertext)] Merge 200/506 (40%) | Pair: '111101' + '0101' (freq: 3282)
  └─ [Src-BPE (Ciphertext)] Merge 250/506 (49%) | Pair: '0111101' + '0110110000' (freq: 2406)
  └─ [Src-BPE (Ciphertext)] Merge 300/506 (59%) | Pair: '10011101000100' + '10000110101000100' (freq: 1895)
  └─ [Src-BPE (Ciphertext)] Merge 350/506 (69%) | Pair: '100100' + '01101' (freq: 1528)
  └─ [Src-BPE (Ciphertext)] Merge 400/506 (79%) | Pair: '100' + '11010101' (freq: 1316)
  └─ [Src-BPE (Ciphertext)] Merge 450/506 (89%) | Pair: '011111' + '10100' (freq: 1151)
  └─ [Src-BPE (Ciphertext)] Merge 500/506 (99%) | Pair: '10001101' + '1000100' (freq: 1008)
  └─ [Src-BPE (Ciphertext)] Merge 506/506 (100%) | Pair: '100100' + '1101' (freq: 985)
./run_c1.sh: line 99: 4188202 Killed                  uv run python -m src.train "${CMD_ARGS[@]}"
