============================================================
Starting standalone run: C1
Device: CUDA_VISIBLE_DEVICES=2
Batch Size: 64 | Epochs: 30 | LR: 0.0005
============================================================
[Hardware] Using GPU: NVIDIA RTX 5000 Ada Generation (CUDA_VISIBLE_DEVICES=2)
wandb: Currently logged in as: likhitbhogadi (likhitbhogadi-iiit-hyderabad) to https://api.wandb.ai. Use `wandb login --relogin` to force relogin
wandb: setting up run sqhy9ptl
wandb: Tracking run with wandb version 0.22.3
wandb: Run data is saved locally in /home/srijam/likhit/src/main/wandb/run-20260903_020327-sqhy9ptl
wandb: Run `wandb offline` to turn off syncing.
wandb: Syncing run C1
wandb: ⭐️ View project at https://wandb.ai/likhitbhogadi-iiit-hyderabad/anlp-a1-seq2seq-crypto
wandb: 🚀 View run at https://wandb.ai/likhitbhogadi-iiit-hyderabad/anlp-a1-seq2seq-crypto/runs/sqhy9ptl
[W&B] Initialized Weights & Biases run: C1 (URL: https://wandb.ai/likhitbhogadi-iiit-hyderabad/anlp-a1-seq2seq-crypto/runs/sqhy9ptl)
[Tokenization] Loading pre-encoded tokenized datasets from disk cache...
[C1] 7,952,360 parameters, tokenization=subword
[C1] epoch 1/30 (22.0s) train_loss=5.6292 val_loss=4.9369 mem=3751.8MB
[C1] epoch 2/30 (16.1s) train_loss=4.7982 val_loss=4.6362 mem=3752.6MB
[C1] epoch 3/30 (16.1s) train_loss=4.5948 val_loss=4.5050 mem=3752.6MB
[C1] epoch 4/30 (16.8s) train_loss=4.4741 val_loss=4.4052 mem=3754.0MB
[C1] epoch 5/30 (17.2s) train_loss=4.3679 val_loss=4.3053 mem=3754.0MB
[C1] epoch 6/30 (16.4s) train_loss=4.2701 val_loss=4.2120 mem=3754.0MB
[C1] epoch 7/30 (16.3s) train_loss=4.1819 val_loss=4.1386 mem=3754.0MB
[C1] epoch 8/30 (16.6s) train_loss=4.0980 val_loss=4.0749 mem=3754.0MB
[C1] epoch 9/30 (16.6s) train_loss=4.0212 val_loss=4.0367 mem=3754.0MB
[C1] epoch 10/30 (16.5s) train_loss=3.9503 val_loss=3.9601 mem=3754.0MB
[C1] epoch 11/30 (16.8s) train_loss=3.8854 val_loss=3.9422 mem=3754.0MB
[C1] epoch 12/30 (16.7s) train_loss=3.8233 val_loss=3.8686 mem=3754.0MB
[C1] epoch 13/30 (16.5s) train_loss=3.7652 val_loss=3.8536 mem=3754.0MB
[C1] epoch 14/30 (16.4s) train_loss=3.7119 val_loss=3.8095 mem=3754.0MB
[C1] epoch 15/30 (16.3s) train_loss=3.6617 val_loss=3.7806 mem=3754.0MB
[C1] epoch 16/30 (16.4s) train_loss=3.6138 val_loss=3.7815 mem=3754.0MB
[C1] epoch 17/30 (16.3s) train_loss=3.5694 val_loss=3.7537 mem=3754.0MB
[C1] epoch 18/30 (16.7s) train_loss=3.5279 val_loss=3.7279 mem=3754.0MB
[C1] epoch 19/30 (16.5s) train_loss=3.4878 val_loss=3.7056 mem=3754.0MB
[C1] epoch 20/30 (16.7s) train_loss=3.4499 val_loss=3.6755 mem=3754.0MB
[C1] epoch 21/30 (16.1s) train_loss=3.4123 val_loss=3.6676 mem=3754.0MB
[C1] epoch 22/30 (16.1s) train_loss=3.3775 val_loss=3.6266 mem=3754.0MB
[C1] epoch 23/30 (16.0s) train_loss=3.3413 val_loss=3.6568 mem=3754.0MB
[C1] epoch 24/30 (16.4s) train_loss=3.3119 val_loss=3.6144 mem=3754.0MB
[C1] epoch 25/30 (16.4s) train_loss=3.2783 val_loss=3.6465 mem=3754.0MB
[C1] epoch 26/30 (16.3s) train_loss=3.2496 val_loss=3.6118 mem=3754.0MB
[C1] epoch 27/30 (16.5s) train_loss=3.2207 val_loss=3.6141 mem=3754.0MB
[C1] epoch 28/30 (16.6s) train_loss=3.1902 val_loss=3.6041 mem=3754.0MB
[C1] epoch 29/30 (16.4s) train_loss=3.1653 val_loss=3.5427 mem=3754.0MB
[C1] epoch 30/30 (17.1s) train_loss=3.1362 val_loss=3.5891 mem=3754.0MB
[Evaluation] Decoding generated sequences...
[C1] test metrics & decoding tokenization stats:
{
  "bit_accuracy": 0.0797722809955148,
  "sequence_accuracy": 0.001160092807424594,
  "levenshtein": 100.49303944315545,
  "bleu": 0.0219183784180593,
  "rouge1": 0.198043037208936,
  "rougeL": 0.16495483076959128,
  "decoding_pred_avg_tokens": 134.17324052590874,
  "decoding_target_avg_tokens": 42.759087393658156,
  "decoding_token_fertility_ratio": 3.137888311101063,
  "decoding_subword_exact_match": 0.0,
  "decoding_char_per_token": 1.027105933620004,
  "train_time_sec": 499.9930508136749,
  "peak_mem_mb": 3753.984512,
  "num_params": 7952360
}
wandb: updating run metadata
wandb: uploading output.log; uploading wandb-summary.json
wandb: uploading output.log; uploading wandb-summary.json; uploading config.yaml
wandb: uploading output.log; uploading config.yaml
wandb: uploading history steps 31-31, summary, console lines 34-50
wandb: 
wandb: Run history:
wandb:                               epoch ▁▁▁▂▂▂▂▃▃▃▃▄▄▄▄▅▅▅▅▆▆▆▆▇▇▇▇███
wandb:                      epoch_time_sec █▁▁▂▂▁▁▂▂▂▂▂▂▁▁▁▁▂▂▂▁▁▁▁▁▁▁▂▁▂
wandb:                         peak_mem_mb ▁▃▄███████████████████████████
wandb:                   test/bit_accuracy ▁
wandb:                           test/bleu ▁
wandb:        test/decoding_char_per_token ▁
wandb:       test/decoding_pred_avg_tokens ▁
wandb:   test/decoding_subword_exact_match ▁
wandb:     test/decoding_target_avg_tokens ▁
wandb: test/decoding_token_fertility_ratio ▁
wandb:                                 +11 ...
wandb: 
wandb: Run summary:
wandb:                               epoch 30
wandb:                      epoch_time_sec 17.05913
wandb:                         peak_mem_mb 3753.98451
wandb:                   test/bit_accuracy 0.07977
wandb:                           test/bleu 0.02192
wandb:        test/decoding_char_per_token 1.02711
wandb:       test/decoding_pred_avg_tokens 134.17324
wandb:   test/decoding_subword_exact_match 0
wandb:     test/decoding_target_avg_tokens 42.75909
wandb: test/decoding_token_fertility_ratio 3.13789
wandb:                                 +11 ...
wandb: 
wandb: 🚀 View run C1 at: https://wandb.ai/likhitbhogadi-iiit-hyderabad/anlp-a1-seq2seq-crypto/runs/sqhy9ptl
wandb: ⭐️ View project at: https://wandb.ai/likhitbhogadi-iiit-hyderabad/anlp-a1-seq2seq-crypto
wandb: Synced 5 W&B file(s), 0 media file(s), 0 artifact file(s) and 0 other file(s)
wandb: Find logs at: ./wandb/run-20260903_020327-sqhy9ptl/logs
[C1] saved checkpoint to outputs/C1_checkpoint.pt
