============================================================
Starting standalone run: C1 (Optimized LR & Layers)
Device: CUDA_VISIBLE_DEVICES=2
Batch Size: 64 | Epochs: 60 | LR: 0.001
============================================================
[Hardware] Using GPU: NVIDIA RTX 5000 Ada Generation (CUDA_VISIBLE_DEVICES=2)
wandb: Currently logged in as: likhitbhogadi (likhitbhogadi-iiit-hyderabad) to https://api.wandb.ai. Use `wandb login --relogin` to force relogin
wandb: setting up run 0wk41rgn
wandb: Tracking run with wandb version 0.22.3
wandb: Run data is saved locally in /home/srijam/likhit/src/main/wandb/run-20260903_025714-0wk41rgn
wandb: Run `wandb offline` to turn off syncing.
wandb: Syncing run C1
wandb: ⭐️ View project at https://wandb.ai/likhitbhogadi-iiit-hyderabad/anlp-a1-seq2seq-crypto
wandb: 🚀 View run at https://wandb.ai/likhitbhogadi-iiit-hyderabad/anlp-a1-seq2seq-crypto/runs/0wk41rgn
[W&B] Initialized Weights & Biases run: C1 (URL: https://wandb.ai/likhitbhogadi-iiit-hyderabad/anlp-a1-seq2seq-crypto/runs/0wk41rgn)
[Tokenization] Loading pre-encoded tokenized datasets from disk cache...
[C1] 6,109,160 parameters, tokenization=subword
[C1] epoch 1/60 (19.9s) train_loss=6.4230 val_loss=5.7949 mem=2877.3MB
[C1] epoch 2/60 (12.5s) train_loss=5.2435 val_loss=4.8252 mem=2878.3MB
[C1] epoch 3/60 (12.5s) train_loss=4.7202 val_loss=4.5825 mem=2878.3MB
[C1] epoch 4/60 (12.5s) train_loss=4.5294 val_loss=4.4209 mem=2878.4MB
[C1] epoch 5/60 (12.6s) train_loss=4.3712 val_loss=4.2891 mem=2879.3MB
[C1] epoch 6/60 (12.6s) train_loss=4.2321 val_loss=4.1832 mem=2879.3MB
[C1] epoch 7/60 (12.7s) train_loss=4.1137 val_loss=4.0959 mem=2879.3MB
[C1] epoch 8/60 (12.8s) train_loss=4.0077 val_loss=4.0190 mem=2879.3MB
[C1] epoch 9/60 (12.8s) train_loss=3.9171 val_loss=3.9495 mem=2879.3MB
[C1] epoch 10/60 (12.7s) train_loss=3.8368 val_loss=3.8910 mem=2879.3MB
[C1] epoch 11/60 (12.8s) train_loss=3.7629 val_loss=3.8433 mem=2879.3MB
[C1] epoch 12/60 (13.1s) train_loss=3.6993 val_loss=3.8114 mem=2879.3MB
[C1] epoch 13/60 (13.1s) train_loss=3.6402 val_loss=3.7850 mem=2879.3MB
[C1] epoch 14/60 (13.1s) train_loss=3.5870 val_loss=3.7452 mem=2879.3MB
[C1] epoch 15/60 (12.7s) train_loss=3.5391 val_loss=3.7198 mem=2879.3MB
[C1] epoch 16/60 (13.3s) train_loss=3.4899 val_loss=3.7149 mem=2879.3MB
[C1] epoch 17/60 (12.8s) train_loss=3.4478 val_loss=3.7042 mem=2879.3MB
[C1] epoch 18/60 (12.9s) train_loss=3.4074 val_loss=3.6742 mem=2879.3MB
[C1] epoch 19/60 (12.7s) train_loss=3.3694 val_loss=3.6660 mem=2879.3MB
[C1] epoch 20/60 (12.9s) train_loss=3.3315 val_loss=3.6515 mem=2879.3MB
[C1] epoch 21/60 (12.8s) train_loss=3.2955 val_loss=3.6470 mem=2879.3MB
[C1] epoch 22/60 (12.8s) train_loss=3.2625 val_loss=3.6473 mem=2879.3MB
[C1] epoch 23/60 (12.7s) train_loss=3.2309 val_loss=3.6353 mem=2879.3MB
[C1] epoch 24/60 (12.5s) train_loss=3.1984 val_loss=3.6207 mem=2879.3MB
[C1] epoch 25/60 (12.7s) train_loss=3.1694 val_loss=3.6216 mem=2879.3MB
[C1] epoch 26/60 (12.5s) train_loss=3.1410 val_loss=3.6187 mem=2879.3MB
[C1] epoch 27/60 (12.6s) train_loss=3.1120 val_loss=3.5930 mem=2879.3MB
[C1] epoch 28/60 (12.7s) train_loss=3.0881 val_loss=3.6040 mem=2879.3MB
