============================================================
Starting C4 run (RMSNorm)
Device: CUDA_VISIBLE_DEVICES=0
Batch Size: 64 | Epochs: 60 | Vocab: 1000
============================================================
[Hardware] Using GPU: NVIDIA RTX 5000 Ada Generation (CUDA_VISIBLE_DEVICES=0)
wandb: Currently logged in as: likhitbhogadi (likhitbhogadi-iiit-hyderabad) to https://api.wandb.ai. Use `wandb login --relogin` to force relogin
wandb: setting up run xv0m30vb
wandb: Tracking run with wandb version 0.22.3
wandb: Run data is saved locally in /home/srijam/likhit/src/main/wandb/run-20260903_071252-xv0m30vb
wandb: Run `wandb offline` to turn off syncing.
wandb: Syncing run C4
wandb: ⭐️ View project at https://wandb.ai/likhitbhogadi-iiit-hyderabad/anlp-a1-transformers
wandb: 🚀 View run at https://wandb.ai/likhitbhogadi-iiit-hyderabad/anlp-a1-transformers/runs/xv0m30vb
[W&B] Initialized Weights & Biases run: C4 (URL: https://wandb.ai/likhitbhogadi-iiit-hyderabad/anlp-a1-transformers/runs/xv0m30vb)
[Tokenization] Loading pre-encoded tokenized datasets from disk cache...
[C4] 6,104,808 parameters, tokenization=subword
[C4] epoch 1/60 (21.0s) train_loss=6.1480 val_loss=5.0514 best_val=5.0514 mem=2678.3MB
[C4] epoch 2/60 (13.6s) train_loss=5.0599 val_loss=4.3131 best_val=4.3131 mem=2678.5MB
[C4] epoch 3/60 (13.4s) train_loss=4.5119 val_loss=3.5161 best_val=3.5161 mem=2678.6MB
[C4] epoch 4/60 (13.5s) train_loss=3.8761 val_loss=2.6838 best_val=2.6838 mem=2678.6MB
[C4] epoch 5/60 (13.2s) train_loss=3.3842 val_loss=2.2723 best_val=2.2723 mem=2678.6MB
[C4] epoch 6/60 (13.3s) train_loss=3.0233 val_loss=1.9119 best_val=1.9119 mem=2678.6MB
[C4] epoch 7/60 (13.2s) train_loss=2.7272 val_loss=1.3557 best_val=1.3557 mem=2678.6MB
[C4] epoch 8/60 (13.3s) train_loss=2.4291 val_loss=1.1582 best_val=1.1582 mem=2678.6MB
[C4] epoch 9/60 (13.5s) train_loss=2.1959 val_loss=0.8425 best_val=0.8425 mem=2678.6MB
[C4] epoch 10/60 (13.5s) train_loss=1.9772 val_loss=0.6381 best_val=0.6381 mem=2678.6MB
[C4] epoch 11/60 (13.6s) train_loss=1.8100 val_loss=0.4973 best_val=0.4973 mem=2678.6MB
[C4] epoch 12/60 (13.1s) train_loss=1.6797 val_loss=0.3936 best_val=0.3936 mem=2678.6MB
[C4] epoch 13/60 (13.5s) train_loss=1.5755 val_loss=0.3234 best_val=0.3234 mem=2678.6MB
[C4] epoch 14/60 (13.3s) train_loss=1.4922 val_loss=0.2645 best_val=0.2645 mem=2679.6MB
[C4] epoch 15/60 (13.3s) train_loss=1.4285 val_loss=0.2400 best_val=0.2400 mem=2679.6MB
[C4] epoch 16/60 (13.5s) train_loss=1.3774 val_loss=0.2047 best_val=0.2047 mem=2679.6MB
[C4] epoch 17/60 (13.2s) train_loss=1.3336 val_loss=0.1798 best_val=0.1798 mem=2679.6MB
[C4] epoch 18/60 (13.5s) train_loss=1.2976 val_loss=0.1613 best_val=0.1613 mem=2679.6MB
[C4] epoch 19/60 (13.2s) train_loss=1.2684 val_loss=0.1412 best_val=0.1412 mem=2679.6MB
[C4] epoch 20/60 (13.7s) train_loss=1.2457 val_loss=0.1336 best_val=0.1336 mem=2679.6MB
[C4] epoch 21/60 (13.6s) train_loss=1.2249 val_loss=0.1291 best_val=0.1291 mem=2679.6MB
[C4] epoch 22/60 (13.3s) train_loss=1.2080 val_loss=0.1215 best_val=0.1215 mem=2679.6MB
[C4] epoch 23/60 (13.5s) train_loss=1.1932 val_loss=0.1156 best_val=0.1156 mem=2679.6MB
[C4] epoch 24/60 (13.2s) train_loss=1.1807 val_loss=0.1095 best_val=0.1095 mem=2679.6MB
[C4] epoch 25/60 (13.3s) train_loss=1.1690 val_loss=0.1030 best_val=0.1030 mem=2679.6MB
[C4] epoch 26/60 (13.3s) train_loss=1.1592 val_loss=0.1016 best_val=0.1016 mem=2679.6MB
[C4] epoch 27/60 (13.2s) train_loss=1.1499 val_loss=0.0968 best_val=0.0968 mem=2679.6MB
[C4] epoch 28/60 (13.5s) train_loss=1.1423 val_loss=0.0969 best_val=0.0968 mem=2679.6MB
[C4] epoch 29/60 (13.4s) train_loss=1.1354 val_loss=0.0943 best_val=0.0943 mem=2679.6MB
[C4] epoch 30/60 (13.5s) train_loss=1.1289 val_loss=0.0913 best_val=0.0913 mem=2679.6MB
[C4] epoch 31/60 (13.2s) train_loss=1.1232 val_loss=0.0874 best_val=0.0874 mem=2679.6MB
[C4] epoch 32/60 (13.4s) train_loss=1.1178 val_loss=0.0887 best_val=0.0874 mem=2679.6MB
[C4] epoch 33/60 (13.5s) train_loss=1.1124 val_loss=0.0850 best_val=0.0850 mem=2679.6MB
[C4] epoch 34/60 (13.1s) train_loss=1.1082 val_loss=0.0836 best_val=0.0836 mem=2679.6MB
[C4] epoch 35/60 (13.1s) train_loss=1.1044 val_loss=0.0839 best_val=0.0836 mem=2679.6MB
[C4] epoch 36/60 (13.2s) train_loss=1.1008 val_loss=0.0843 best_val=0.0836 mem=2679.6MB
[C4] epoch 37/60 (13.3s) train_loss=1.0973 val_loss=0.0842 best_val=0.0836 mem=2679.6MB
[C4] epoch 38/60 (12.9s) train_loss=1.0938 val_loss=0.0804 best_val=0.0804 mem=2679.6MB
[C4] epoch 39/60 (13.7s) train_loss=1.0910 val_loss=0.0814 best_val=0.0804 mem=2679.6MB
[C4] epoch 40/60 (13.3s) train_loss=1.0879 val_loss=0.0789 best_val=0.0789 mem=2679.6MB
[C4] epoch 41/60 (13.5s) train_loss=1.0860 val_loss=0.0788 best_val=0.0788 mem=2679.6MB
[C4] epoch 42/60 (13.7s) train_loss=1.0834 val_loss=0.0795 best_val=0.0788 mem=2679.6MB
[C4] epoch 43/60 (13.4s) train_loss=1.0811 val_loss=0.0796 best_val=0.0788 mem=2679.6MB
[C4] epoch 44/60 (13.5s) train_loss=1.0794 val_loss=0.0783 best_val=0.0783 mem=2679.6MB
[C4] epoch 45/60 (13.3s) train_loss=1.0776 val_loss=0.0792 best_val=0.0783 mem=2679.6MB
[C4] epoch 46/60 (13.5s) train_loss=1.0760 val_loss=0.0774 best_val=0.0774 mem=2679.6MB
[C4] epoch 47/60 (13.5s) train_loss=1.0744 val_loss=0.0768 best_val=0.0768 mem=2679.6MB
[C4] epoch 48/60 (13.2s) train_loss=1.0732 val_loss=0.0771 best_val=0.0768 mem=2679.6MB
[C4] epoch 49/60 (13.0s) train_loss=1.0722 val_loss=0.0774 best_val=0.0768 mem=2679.6MB
[C4] epoch 50/60 (13.2s) train_loss=1.0711 val_loss=0.0773 best_val=0.0768 mem=2679.6MB
[C4] epoch 51/60 (13.2s) train_loss=1.0702 val_loss=0.0771 best_val=0.0768 mem=2679.6MB
[C4] epoch 52/60 (13.4s) train_loss=1.0696 val_loss=0.0770 best_val=0.0768 mem=2679.6MB
[C4] epoch 53/60 (13.6s) train_loss=1.0690 val_loss=0.0768 best_val=0.0768 mem=2679.6MB
[C4] epoch 54/60 (13.0s) train_loss=1.0684 val_loss=0.0768 best_val=0.0768 mem=2679.6MB
[C4] epoch 55/60 (12.7s) train_loss=1.0680 val_loss=0.0766 best_val=0.0766 mem=2679.6MB
[C4] epoch 56/60 (13.4s) train_loss=1.0676 val_loss=0.0766 best_val=0.0766 mem=2679.6MB
[C4] epoch 57/60 (12.5s) train_loss=1.0675 val_loss=0.0767 best_val=0.0766 mem=2679.6MB
[C4] epoch 58/60 (12.7s) train_loss=1.0673 val_loss=0.0767 best_val=0.0766 mem=2679.6MB
[C4] epoch 59/60 (13.5s) train_loss=1.0673 val_loss=0.0767 best_val=0.0766 mem=2679.6MB
[C4] epoch 60/60 (13.6s) train_loss=1.0674 val_loss=0.0767 best_val=0.0766 mem=2679.6MB
[C4] Loading best checkpoint (val_loss=0.0766) for evaluation
[Evaluation] Decoding generated sequences...

[Debug Sample 0]
Target: opper Country State Forest before crossing the Sturgeon River in Loretto and passing into Menominee County
Pred:   opper Country State Forest before crossing the Sturgeon River in Loretto and passing into Menominee County

[Debug Sample 1]
Target: was purchased by five members of the Suffolk Mills Group in November and plans for restoration were made The consortium 
Pred:   was purchased by five members of the Suffolk Mills Group in November and plans for restoration were made The consortium 

[Debug Sample 2]
Target: hilam Life Insurance Company currently the largest life insurance company in the Philippines in terms of assets net wort
Pred:   hilam Life Insurance Company currently the largest life insurance company in the Philippines in terms of assets net wort

[Debug Sample 3]
Target: Australia was a member of the international coalition which contributed military forces to the Gulf War deploying a nava
Pred:   Australia was a member of the international coalition which contributed military forces to the Gulf War deploying a nava

[Debug Sample 4]
Target: dying of cancer Smith died less than a week later At the request of Andrew s widow Sam Brad delivered the eulogy at the 
Pred:   dying of cancer Smith died less than a week later At the request of Andrew s widow Sam Brad delivered the eulogy at the 
[C4] test metrics & decoding tokenization stats:
{
  "bit_accuracy": 0.9724068507310745,
  "sequence_accuracy": 0.8723897911832946,
  "levenshtein": 0.26102088167053367,
  "bleu": 0.970967255591297,
  "rouge1": 0.9906893239447939,
  "rougeL": 0.9906893239447939,
  "decoding_pred_avg_tokens": 42.435421500386695,
  "decoding_target_avg_tokens": 42.47911832946636,
  "decoding_token_fertility_ratio": 0.9989713338977341,
  "decoding_subword_exact_match": 0.7873163186388245,
  "decoding_char_per_token": 2.7346315770289236,
  "train_time_sec": 808.9988462924957,
  "peak_mem_mb": 2679.607296,
  "num_params": 6104808
}
wandb: updating run metadata
wandb: uploading output.log; uploading wandb-summary.json
wandb: uploading wandb-summary.json; uploading config.yaml
wandb: uploading history steps 61-61, summary, console lines 85-101
wandb: 
wandb: Run history:
wandb:                               epoch ▁▁▁▂▂▂▂▂▃▃▃▃▃▄▄▄▄▄▄▅▅▅▅▅▅▆▆▆▆▆▆▇▇▇▇▇▇███
wandb:                      epoch_time_sec █▂▂▂▁▁▂▂▂▂▁▂▁▂▂▁▁▂▂▂▁▁▁▂▁▂▂▂▂▂▂▁▁▁▁▂▁▁▂▂
wandb:                         peak_mem_mb ▁▂▂▂▂▂▂▂▂▂██████████████████████████████
wandb:                   test/bit_accuracy ▁
wandb:                           test/bleu ▁
wandb:        test/decoding_char_per_token ▁
wandb:       test/decoding_pred_avg_tokens ▁
wandb:   test/decoding_subword_exact_match ▁
wandb:     test/decoding_target_avg_tokens ▁
wandb: test/decoding_token_fertility_ratio ▁
wandb:                                 +11 ...
wandb: 
wandb: Run summary:
wandb:                               epoch 60
wandb:                      epoch_time_sec 13.59429
wandb:                         peak_mem_mb 2679.6073
wandb:                   test/bit_accuracy 0.97241
wandb:                           test/bleu 0.97097
wandb:        test/decoding_char_per_token 2.73463
wandb:       test/decoding_pred_avg_tokens 42.43542
wandb:   test/decoding_subword_exact_match 0.78732
wandb:     test/decoding_target_avg_tokens 42.47912
wandb: test/decoding_token_fertility_ratio 0.99897
wandb:                                 +11 ...
wandb: 
wandb: 🚀 View run C4 at: https://wandb.ai/likhitbhogadi-iiit-hyderabad/anlp-a1-transformers/runs/xv0m30vb
wandb: ⭐️ View project at: https://wandb.ai/likhitbhogadi-iiit-hyderabad/anlp-a1-transformers
wandb: Synced 5 W&B file(s), 0 media file(s), 0 artifact file(s) and 0 other file(s)
wandb: Find logs at: ./wandb/run-20260903_071252-xv0m30vb/logs
[C4] saved checkpoint to outputs/C4_checkpoint.pt
