============================================================
Starting C1 run (Xavier init + label smoothing + best ckpt)
Device: CUDA_VISIBLE_DEVICES=2
Batch Size: 64 | Epochs: 60 | Vocab: 8000
============================================================
[Hardware] Using GPU: NVIDIA RTX 5000 Ada Generation (CUDA_VISIBLE_DEVICES=2)

--- Training New BPETokenizers ---
[SrcBPE] Extracting word frequencies from 20695 corpus samples...
[SrcBPE] Starting BPE training: base_vocab=2, target_merges=250, target_vocab=256
  └─ [SrcBPE] Merge 25/250 (10%) | Pair: '01' + '100101' (freq: 55212)
  └─ [SrcBPE] Merge 50/250 (20%) | Pair: '100' + '0101' (freq: 22636)
  └─ [SrcBPE] Merge 75/250 (30%) | Pair: '1100' + '0111' (freq: 11969)
  └─ [SrcBPE] Merge 100/250 (40%) | Pair: '1110011' + '10000' (freq: 7430)
  └─ [SrcBPE] Merge 125/250 (50%) | Pair: '1100' + '010100' (freq: 5850)
  └─ [SrcBPE] Merge 150/250 (60%) | Pair: '0110000' + '10011' (freq: 4692)
  └─ [SrcBPE] Merge 175/250 (70%) | Pair: '110001110000' + '01110000101' (freq: 3900)
  └─ [SrcBPE] Merge 200/250 (80%) | Pair: '0110000' + '100101' (freq: 3306)
  └─ [SrcBPE] Merge 225/250 (90%) | Pair: '11000101' + '10100' (freq: 2853)
  └─ [SrcBPE] Merge 250/250 (100%) | Pair: '10010100' + '1101' (freq: 2431)
[SrcBPE] BPE Finished! Final Vocab: 256 | Avg Token Chars: 10.29 | Sample Compression: 7.86x (Avg Tokens/Seq: 118.6)

[TgtBPE] Extracting word frequencies from 20695 corpus samples...
[TgtBPE] Starting BPE training: base_vocab=53, target_merges=7943, target_vocab=8000
  └─ [TgtBPE] Merge 794/7943 (10%) | Pair: 'ser' + 'ies</w>' (freq: 239)
  └─ [TgtBPE] Merge 1588/7943 (20%) | Pair: 'ber' + 't</w>' (freq: 109)
  └─ [TgtBPE] Merge 2382/7943 (30%) | Pair: 'dre' + 'w</w>' (freq: 68)
  └─ [TgtBPE] Merge 3176/7943 (40%) | Pair: 'Mark' + 'graf</w>' (freq: 48)
  └─ [TgtBPE] Merge 3970/7943 (50%) | Pair: 'di' + 'ssi' (freq: 36)
  └─ [TgtBPE] Merge 4764/7943 (60%) | Pair: 'n' + 'es</w>' (freq: 28)
  └─ [TgtBPE] Merge 5558/7943 (70%) | Pair: 'ex' + 'hibi' (freq: 23)
  └─ [TgtBPE] Merge 6352/7943 (80%) | Pair: 'hor' + 'se</w>' (freq: 19)
  └─ [TgtBPE] Merge 7146/7943 (90%) | Pair: 'imag' + 'ery</w>' (freq: 16)
  └─ [TgtBPE] Merge 7940/7943 (100%) | Pair: 'bom' + 'bers</w>' (freq: 14)
  └─ [TgtBPE] Merge 7943/7943 (100%) | Pair: 'bert' + 'ville</w>' (freq: 14)
[TgtBPE] BPE Finished! Final Vocab: 8000 | Avg Token Chars: 7.62 | Sample Compression: 4.39x (Avg Tokens/Seq: 26.5)

[Tokenization] Pre-encoding datasets (train, val, test)...
[C1] 9,700,160 parameters, tokenization=subword
[C1] epoch 1/60 (37.1s) train_loss=7.8918 val_loss=7.0127 best_val=7.0127 mem=3310.0MB
[C1] epoch 2/60 (25.6s) train_loss=6.9144 val_loss=6.1017 best_val=6.1017 mem=3310.0MB
[C1] epoch 3/60 (25.3s) train_loss=6.2044 val_loss=5.2721 best_val=5.2721 mem=3310.5MB
[C1] epoch 4/60 (25.3s) train_loss=5.4354 val_loss=4.3869 best_val=4.3869 mem=3310.9MB
[C1] epoch 5/60 (25.5s) train_loss=4.7211 val_loss=3.7218 best_val=3.7218 mem=3310.9MB
[C1] epoch 6/60 (25.4s) train_loss=4.1237 val_loss=3.0711 best_val=3.0711 mem=3310.9MB
[C1] epoch 7/60 (25.5s) train_loss=3.6137 val_loss=2.6233 best_val=2.6233 mem=3310.9MB
[C1] epoch 8/60 (25.4s) train_loss=3.1776 val_loss=2.1080 best_val=2.1080 mem=3310.9MB
[C1] epoch 9/60 (25.4s) train_loss=2.8023 val_loss=1.7642 best_val=1.7642 mem=3310.9MB
[C1] epoch 10/60 (25.4s) train_loss=2.5156 val_loss=1.4356 best_val=1.4356 mem=3310.9MB
[C1] epoch 11/60 (25.4s) train_loss=2.2965 val_loss=1.2291 best_val=1.2291 mem=3310.9MB
[C1] epoch 12/60 (25.4s) train_loss=2.1242 val_loss=1.0891 best_val=1.0891 mem=3310.9MB
[C1] epoch 13/60 (25.4s) train_loss=1.9911 val_loss=0.9908 best_val=0.9908 mem=3310.9MB
[C1] epoch 14/60 (25.5s) train_loss=1.8894 val_loss=0.8620 best_val=0.8620 mem=3310.9MB
[C1] epoch 15/60 (25.4s) train_loss=1.8057 val_loss=0.8219 best_val=0.8219 mem=3310.9MB
[C1] epoch 16/60 (25.5s) train_loss=1.7422 val_loss=0.7524 best_val=0.7524 mem=3311.0MB
[C1] epoch 17/60 (25.4s) train_loss=1.6903 val_loss=0.6922 best_val=0.6922 mem=3311.0MB
[C1] epoch 18/60 (25.4s) train_loss=1.6475 val_loss=0.6530 best_val=0.6530 mem=3311.0MB
[C1] epoch 19/60 (25.4s) train_loss=1.6115 val_loss=0.6309 best_val=0.6309 mem=3311.0MB
[C1] epoch 20/60 (25.4s) train_loss=1.5836 val_loss=0.5982 best_val=0.5982 mem=3311.0MB
[C1] epoch 21/60 (25.4s) train_loss=1.5573 val_loss=0.5870 best_val=0.5870 mem=3311.0MB
[C1] epoch 22/60 (25.4s) train_loss=1.5362 val_loss=0.5559 best_val=0.5559 mem=3311.0MB
[C1] epoch 23/60 (25.4s) train_loss=1.5173 val_loss=0.5354 best_val=0.5354 mem=3311.0MB
[C1] epoch 24/60 (25.3s) train_loss=1.4999 val_loss=0.5218 best_val=0.5218 mem=3311.0MB
[C1] epoch 25/60 (25.4s) train_loss=1.4851 val_loss=0.5100 best_val=0.5100 mem=3311.0MB
[C1] epoch 26/60 (25.4s) train_loss=1.4714 val_loss=0.4990 best_val=0.4990 mem=3311.0MB
[C1] epoch 27/60 (25.4s) train_loss=1.4584 val_loss=0.4738 best_val=0.4738 mem=3311.0MB
[C1] epoch 28/60 (25.5s) train_loss=1.4476 val_loss=0.4738 best_val=0.4738 mem=3311.0MB
[C1] epoch 29/60 (25.4s) train_loss=1.4370 val_loss=0.4665 best_val=0.4665 mem=3311.0MB
[C1] epoch 30/60 (25.3s) train_loss=1.4278 val_loss=0.4448 best_val=0.4448 mem=3311.0MB
[C1] epoch 31/60 (25.4s) train_loss=1.4200 val_loss=0.4370 best_val=0.4370 mem=3311.0MB
[C1] epoch 32/60 (25.5s) train_loss=1.4119 val_loss=0.4356 best_val=0.4356 mem=3311.0MB
[C1] epoch 33/60 (25.5s) train_loss=1.4039 val_loss=0.4266 best_val=0.4266 mem=3311.0MB
[C1] epoch 34/60 (25.4s) train_loss=1.3968 val_loss=0.4199 best_val=0.4199 mem=3311.0MB
[C1] epoch 35/60 (25.4s) train_loss=1.3905 val_loss=0.4136 best_val=0.4136 mem=3311.0MB
[C1] epoch 36/60 (25.4s) train_loss=1.3842 val_loss=0.4058 best_val=0.4058 mem=3311.0MB
[C1] epoch 37/60 (25.3s) train_loss=1.3788 val_loss=0.3996 best_val=0.3996 mem=3311.0MB
[C1] epoch 38/60 (25.3s) train_loss=1.3736 val_loss=0.3920 best_val=0.3920 mem=3311.0MB
[C1] epoch 39/60 (25.4s) train_loss=1.3684 val_loss=0.3944 best_val=0.3920 mem=3311.0MB
[C1] epoch 40/60 (25.4s) train_loss=1.3641 val_loss=0.3833 best_val=0.3833 mem=3311.0MB
[C1] epoch 41/60 (25.4s) train_loss=1.3596 val_loss=0.3845 best_val=0.3833 mem=3311.4MB
[C1] epoch 42/60 (25.4s) train_loss=1.3561 val_loss=0.3765 best_val=0.3765 mem=3311.4MB
[C1] epoch 43/60 (25.5s) train_loss=1.3527 val_loss=0.3771 best_val=0.3765 mem=3311.4MB
[C1] epoch 44/60 (25.4s) train_loss=1.3490 val_loss=0.3761 best_val=0.3761 mem=3311.4MB
[C1] epoch 45/60 (25.4s) train_loss=1.3461 val_loss=0.3700 best_val=0.3700 mem=3311.4MB
[C1] epoch 46/60 (25.4s) train_loss=1.3427 val_loss=0.3710 best_val=0.3700 mem=3311.4MB
[C1] epoch 47/60 (25.4s) train_loss=1.3403 val_loss=0.3649 best_val=0.3649 mem=3311.4MB
[C1] epoch 48/60 (25.4s) train_loss=1.3379 val_loss=0.3662 best_val=0.3649 mem=3311.4MB
[C1] epoch 49/60 (25.5s) train_loss=1.3360 val_loss=0.3660 best_val=0.3649 mem=3311.4MB
[C1] epoch 50/60 (25.4s) train_loss=1.3342 val_loss=0.3637 best_val=0.3637 mem=3311.4MB
[C1] epoch 51/60 (13.0s) train_loss=1.3327 val_loss=0.3635 best_val=0.3635 mem=3311.4MB
[C1] epoch 52/60 (12.7s) train_loss=1.3311 val_loss=0.3632 best_val=0.3632 mem=3311.4MB
[C1] epoch 53/60 (12.4s) train_loss=1.3300 val_loss=0.3631 best_val=0.3631 mem=3311.4MB
[C1] epoch 54/60 (12.6s) train_loss=1.3290 val_loss=0.3649 best_val=0.3631 mem=3311.4MB
[C1] epoch 55/60 (12.7s) train_loss=1.3281 val_loss=0.3637 best_val=0.3631 mem=3311.4MB
[C1] epoch 56/60 (12.7s) train_loss=1.3273 val_loss=0.3640 best_val=0.3631 mem=3311.4MB
[C1] epoch 57/60 (12.9s) train_loss=1.3271 val_loss=0.3639 best_val=0.3631 mem=3311.4MB
[C1] epoch 58/60 (12.3s) train_loss=1.3265 val_loss=0.3639 best_val=0.3631 mem=3311.4MB
[C1] epoch 59/60 (12.3s) train_loss=1.3263 val_loss=0.3636 best_val=0.3631 mem=3311.4MB
[C1] epoch 60/60 (12.3s) train_loss=1.3262 val_loss=0.3636 best_val=0.3631 mem=3311.4MB
[C1] Loading best checkpoint (val_loss=0.3631) for evaluation
[Evaluation] Decoding generated sequences...

[Debug Sample 0]
Target: opper Country State Forest before crossing the Sturgeon River in Loretto and passing into Menominee County
Pred:   opper County State Forest before crossing the Sturgeon River in Moretto and passing into Menominee County

[Debug Sample 1]
Target: was purchased by five members of the Suffolk Mills Group in November and plans for restoration were made The consortium 
Pred:   was purchased by five members of the Suffolk Mills Group in November and plans for restoration were made The consortium 

[Debug Sample 2]
Target: hilam Life Insurance Company currently the largest life insurance company in the Philippines in terms of assets net wort
Pred:   hilam Life Insurance Company currently the largest life insurance company in the Philippines in terms of assets net wort

[Debug Sample 3]
Target: Australia was a member of the international coalition which contributed military forces to the Gulf War deploying a nava
Pred:   Australia was a member of the international coalition which contributed military forces to the Gulf War deploying a nava

[Debug Sample 4]
Target: dying of cancer Smith died less than a week later At the request of Andrew s widow Sam Brad delivered the eulogy at the 
Pred:   dying of cancer Smith died less than a week later At the request of Andrew s widow Sam Brad delivered the enemy at the m
[C1] test metrics & decoding tokenization stats:
{
  "bit_accuracy": 0.7737513164051347,
  "sequence_accuracy": 0.4381283836040217,
  "levenshtein": 2.2277648878576954,
  "bleu": 0.876509969224855,
  "rouge1": 0.9488210888002989,
  "rougeL": 0.9488007362949055,
  "decoding_pred_avg_tokens": 26.32907965970611,
  "decoding_target_avg_tokens": 26.837587006960558,
  "decoding_token_fertility_ratio": 0.9810524192386386,
  "decoding_subword_exact_match": 0.38785769528228925,
  "decoding_char_per_token": 4.392336275647334,
  "train_time_sec": 1409.5446410179138,
  "peak_mem_mb": 3311.364608,
  "num_params": 9700160
}
[C1] saved checkpoint to outputs/C1_checkpoint.pt
./run_c1.sh: line 80: unexpected EOF while looking for matching `"'
