============================================================
Starting C3 run (Grouped Query Attention)
Device: CUDA_VISIBLE_DEVICES=1
Batch Size: 64 | Epochs: 60 | Vocab: 1000
============================================================
[Hardware] Using GPU: NVIDIA RTX 5000 Ada Generation (CUDA_VISIBLE_DEVICES=1)
wandb: Currently logged in as: likhitbhogadi (likhitbhogadi-iiit-hyderabad) to https://api.wandb.ai. Use `wandb login --relogin` to force relogin
wandb: setting up run y6s3n065
wandb: Tracking run with wandb version 0.22.3
wandb: Run data is saved locally in /home/srijam/likhit/src/main/wandb/run-20260903_064926-y6s3n065
wandb: Run `wandb offline` to turn off syncing.
wandb: Syncing run C3
wandb: ⭐️ View project at https://wandb.ai/likhitbhogadi-iiit-hyderabad/anlp-a1-transformers
wandb: 🚀 View run at https://wandb.ai/likhitbhogadi-iiit-hyderabad/anlp-a1-transformers/runs/y6s3n065
[W&B] Initialized Weights & Biases run: C3 (URL: https://wandb.ai/likhitbhogadi-iiit-hyderabad/anlp-a1-transformers/runs/y6s3n065)
[Tokenization] Loading pre-encoded tokenized datasets from disk cache...
[C3] 5,220,968 parameters, tokenization=subword
[C3] epoch 1/60 (23.6s) train_loss=6.1955 val_loss=5.1664 best_val=5.1664 mem=2836.1MB
[C3] epoch 2/60 (13.5s) train_loss=5.1340 val_loss=4.4344 best_val=4.4344 mem=2836.6MB
[C3] epoch 3/60 (13.3s) train_loss=4.6569 val_loss=3.7399 best_val=3.7399 mem=2836.6MB
[C3] epoch 4/60 (13.1s) train_loss=4.0957 val_loss=3.1497 best_val=3.1497 mem=2837.0MB
[C3] epoch 5/60 (13.4s) train_loss=3.6460 val_loss=2.5270 best_val=2.5270 mem=2837.0MB
[C3] epoch 6/60 (13.5s) train_loss=3.3008 val_loss=2.2842 best_val=2.2842 mem=2837.0MB
[C3] epoch 7/60 (13.4s) train_loss=2.9886 val_loss=1.6907 best_val=1.6907 mem=2837.0MB
[C3] epoch 8/60 (13.5s) train_loss=2.7008 val_loss=1.3414 best_val=1.3414 mem=2837.0MB
[C3] epoch 9/60 (13.4s) train_loss=2.4363 val_loss=1.1410 best_val=1.1410 mem=2837.0MB
[C3] epoch 10/60 (13.3s) train_loss=2.2046 val_loss=0.8336 best_val=0.8336 mem=2837.0MB
[C3] epoch 11/60 (13.3s) train_loss=2.0144 val_loss=0.7265 best_val=0.7265 mem=2837.0MB
[C3] epoch 12/60 (13.4s) train_loss=1.8539 val_loss=0.5227 best_val=0.5227 mem=2837.0MB
[C3] epoch 13/60 (13.7s) train_loss=1.7307 val_loss=0.4364 best_val=0.4364 mem=2837.0MB
[C3] epoch 14/60 (12.7s) train_loss=1.6324 val_loss=0.3940 best_val=0.3940 mem=2837.0MB
[C3] epoch 15/60 (13.7s) train_loss=1.5522 val_loss=0.3058 best_val=0.3058 mem=2837.0MB
[C3] epoch 16/60 (12.5s) train_loss=1.4897 val_loss=0.2693 best_val=0.2693 mem=2837.0MB
[C3] epoch 17/60 (13.6s) train_loss=1.4398 val_loss=0.2466 best_val=0.2466 mem=2837.0MB
[C3] epoch 18/60 (13.5s) train_loss=1.3973 val_loss=0.2154 best_val=0.2154 mem=2837.6MB
[C3] epoch 19/60 (13.3s) train_loss=1.3629 val_loss=0.2006 best_val=0.2006 mem=2837.6MB
[C3] epoch 20/60 (13.4s) train_loss=1.3324 val_loss=0.1763 best_val=0.1763 mem=2837.6MB
[C3] epoch 21/60 (13.6s) train_loss=1.3062 val_loss=0.1725 best_val=0.1725 mem=2837.6MB
[C3] epoch 22/60 (13.4s) train_loss=1.2844 val_loss=0.1554 best_val=0.1554 mem=2837.6MB
[C3] epoch 23/60 (13.4s) train_loss=1.2637 val_loss=0.1519 best_val=0.1519 mem=2837.6MB
[C3] epoch 24/60 (13.4s) train_loss=1.2475 val_loss=0.1372 best_val=0.1372 mem=2837.6MB
[C3] epoch 25/60 (13.4s) train_loss=1.2315 val_loss=0.1295 best_val=0.1295 mem=2837.6MB
[C3] epoch 26/60 (13.5s) train_loss=1.2171 val_loss=0.1233 best_val=0.1233 mem=2837.6MB
[C3] epoch 27/60 (13.5s) train_loss=1.2070 val_loss=0.1214 best_val=0.1214 mem=2837.6MB
[C3] epoch 28/60 (13.3s) train_loss=1.1942 val_loss=0.1130 best_val=0.1130 mem=2837.6MB
[C3] epoch 29/60 (13.4s) train_loss=1.1844 val_loss=0.1104 best_val=0.1104 mem=2837.6MB
[C3] epoch 30/60 (13.6s) train_loss=1.1762 val_loss=0.1065 best_val=0.1065 mem=2837.6MB
[C3] epoch 31/60 (13.3s) train_loss=1.1674 val_loss=0.1081 best_val=0.1065 mem=2837.6MB
[C3] epoch 32/60 (13.7s) train_loss=1.1601 val_loss=0.1021 best_val=0.1021 mem=2837.6MB
[C3] epoch 33/60 (13.5s) train_loss=1.1527 val_loss=0.0972 best_val=0.0972 mem=2837.6MB
[C3] epoch 34/60 (13.4s) train_loss=1.1472 val_loss=0.0977 best_val=0.0972 mem=2837.6MB
[C3] epoch 35/60 (13.6s) train_loss=1.1409 val_loss=0.0953 best_val=0.0953 mem=2837.6MB
[C3] epoch 36/60 (13.6s) train_loss=1.1359 val_loss=0.0998 best_val=0.0953 mem=2837.6MB
[C3] epoch 37/60 (13.5s) train_loss=1.1310 val_loss=0.0906 best_val=0.0906 mem=2837.6MB
[C3] epoch 38/60 (13.6s) train_loss=1.1265 val_loss=0.0921 best_val=0.0906 mem=2837.6MB
[C3] epoch 39/60 (13.5s) train_loss=1.1227 val_loss=0.0899 best_val=0.0899 mem=2837.6MB
[C3] epoch 40/60 (13.7s) train_loss=1.1190 val_loss=0.0900 best_val=0.0899 mem=2837.6MB
[C3] epoch 41/60 (13.4s) train_loss=1.1154 val_loss=0.0862 best_val=0.0862 mem=2837.6MB
[C3] epoch 42/60 (13.4s) train_loss=1.1123 val_loss=0.0872 best_val=0.0862 mem=2837.6MB
[C3] epoch 43/60 (13.5s) train_loss=1.1092 val_loss=0.0886 best_val=0.0862 mem=2837.6MB
[C3] epoch 44/60 (13.6s) train_loss=1.1064 val_loss=0.0841 best_val=0.0841 mem=2837.6MB
[C3] epoch 45/60 (13.6s) train_loss=1.1044 val_loss=0.0861 best_val=0.0841 mem=2837.6MB
[C3] epoch 46/60 (13.4s) train_loss=1.1020 val_loss=0.0851 best_val=0.0841 mem=2837.6MB
[C3] epoch 47/60 (13.6s) train_loss=1.1000 val_loss=0.0835 best_val=0.0835 mem=2837.6MB
[C3] epoch 48/60 (13.4s) train_loss=1.0983 val_loss=0.0854 best_val=0.0835 mem=2837.6MB
[C3] epoch 49/60 (13.6s) train_loss=1.0971 val_loss=0.0832 best_val=0.0832 mem=2837.6MB
[C3] epoch 50/60 (13.5s) train_loss=1.0955 val_loss=0.0838 best_val=0.0832 mem=2837.6MB
[C3] epoch 51/60 (13.5s) train_loss=1.0943 val_loss=0.0843 best_val=0.0832 mem=2837.6MB
[C3] epoch 52/60 (13.6s) train_loss=1.0932 val_loss=0.0827 best_val=0.0827 mem=2837.6MB
[C3] epoch 53/60 (13.4s) train_loss=1.0925 val_loss=0.0836 best_val=0.0827 mem=2837.6MB
[C3] epoch 54/60 (14.0s) train_loss=1.0918 val_loss=0.0832 best_val=0.0827 mem=2837.6MB
[C3] epoch 55/60 (13.3s) train_loss=1.0911 val_loss=0.0833 best_val=0.0827 mem=2837.6MB
[C3] epoch 56/60 (13.4s) train_loss=1.0908 val_loss=0.0832 best_val=0.0827 mem=2837.6MB
[C3] epoch 57/60 (14.0s) train_loss=1.0906 val_loss=0.0830 best_val=0.0827 mem=2837.6MB
[C3] epoch 58/60 (13.3s) train_loss=1.0902 val_loss=0.0829 best_val=0.0827 mem=2837.6MB
[C3] epoch 59/60 (13.3s) train_loss=1.0901 val_loss=0.0828 best_val=0.0827 mem=2837.6MB
[C3] epoch 60/60 (13.3s) train_loss=1.0904 val_loss=0.0829 best_val=0.0827 mem=2837.6MB
[Evaluation] Decoding generated sequences...

[Debug Sample 0]
Target: opper Country State Forest before crossing the Sturgeon River in Loretto and passing into Menominee County
Pred:   opper Country State Forest before crossing the Sturgeon River in Loretto and passing into Menominee County

[Debug Sample 1]
Target: was purchased by five members of the Suffolk Mills Group in November and plans for restoration were made The consortium 
Pred:   was purchased by five members of the Suffolk Mills Group in November and plans for restoration were made The consortium 

[Debug Sample 2]
Target: hilam Life Insurance Company currently the largest life insurance company in the Philippines in terms of assets net wort
Pred:   hilam Life Insurance Company currently the largest life insurance company in the Philippines in terms of assets net wort

[Debug Sample 3]
Target: Australia was a member of the international coalition which contributed military forces to the Gulf War deploying a nava
Pred:   Australia was a member of the international coalition which contributed military forces to the Gulf War deploying a nava

[Debug Sample 4]
Target: dying of cancer Smith died less than a week later At the request of Andrew s widow Sam Brad delivered the eulogy at the 
Pred:   dying of cancer Smith died less than a week later At the request of Andrew s widow Sam Brad delivered the eulogy at the 
[C3] test metrics & decoding tokenization stats:
{
  "bit_accuracy": 0.9598334043335026,
  "sequence_accuracy": 0.8310131477184841,
  "levenshtein": 0.39249806651198765,
  "bleu": 0.9649817007957395,
  "rouge1": 0.9881800727633209,
  "rougeL": 0.988162495599572,
  "decoding_pred_avg_tokens": 42.380510440835266,
  "decoding_target_avg_tokens": 42.47911832946636,
  "decoding_token_fertility_ratio": 0.9976786738400196,
  "decoding_subword_exact_match": 0.7482598607888631,
  "decoding_char_per_token": 2.7363224935216612,
  "train_time_sec": 818.7296934127808,
  "peak_mem_mb": 2837.598208,
  "num_params": 5220968
}
wandb: updating run metadata
wandb: updating run metadata; uploading output.log; uploading wandb-summary.json
wandb: uploading output.log
wandb: uploading output.log; uploading config.yaml
wandb: uploading history steps 61-61, summary, console lines 84-100
wandb: 
wandb: Run history:
wandb:                               epoch ▁▁▁▁▂▂▂▂▂▃▃▃▃▃▄▄▄▄▄▅▅▅▅▅▅▆▆▆▆▆▆▇▇▇▇▇████
wandb:                      epoch_time_sec ▆▄▅▆▅▄▄▅▆▁▆▄▅▆▅▅▅▅▅▅▆▅▆▆▅▆▅▅▆▆▅▆▅▅▅▄▅█▄▄
wandb:                         peak_mem_mb ▁▄▄▅▅▅▅▅▅▅▅▅████████████████████████████
wandb:                   test/bit_accuracy ▁
wandb:                           test/bleu ▁
wandb:        test/decoding_char_per_token ▁
wandb:       test/decoding_pred_avg_tokens ▁
wandb:   test/decoding_subword_exact_match ▁
wandb:     test/decoding_target_avg_tokens ▁
wandb: test/decoding_token_fertility_ratio ▁
wandb:                                 +11 ...
wandb: 
wandb: Run summary:
wandb:                               epoch 60
wandb:                      epoch_time_sec 13.33363
wandb:                         peak_mem_mb 2837.59821
wandb:                   test/bit_accuracy 0.95983
wandb:                           test/bleu 0.96498
wandb:        test/decoding_char_per_token 2.73632
wandb:       test/decoding_pred_avg_tokens 42.38051
wandb:   test/decoding_subword_exact_match 0.74826
wandb:     test/decoding_target_avg_tokens 42.47912
wandb: test/decoding_token_fertility_ratio 0.99768
wandb:                                 +11 ...
wandb: 
wandb: 🚀 View run C3 at: https://wandb.ai/likhitbhogadi-iiit-hyderabad/anlp-a1-transformers/runs/y6s3n065
wandb: ⭐️ View project at: https://wandb.ai/likhitbhogadi-iiit-hyderabad/anlp-a1-transformers
wandb: Synced 5 W&B file(s), 0 media file(s), 0 artifact file(s) and 0 other file(s)
wandb: Find logs at: ./wandb/run-20260903_064926-y6s3n065/logs
[C3] saved checkpoint to outputs/C3_checkpoint.pt
